Archive member included because of file (symbol)

d:/embedded/01- imt sdk-20230714t110022z-001/01- imt sdk/imt_sdk_win_64/winavr/bin/../lib/gcc/avr/4.3.3/avr5\libgcc.a(_mulsi3.o)
                              ./HAL/STEPPER/STEPPER_program .o (__mulsi3)
d:/embedded/01- imt sdk-20230714t110022z-001/01- imt sdk/imt_sdk_win_64/winavr/bin/../lib/gcc/avr/4.3.3/avr5\libgcc.a(_divmodsi4.o)
                              ./HAL/LCD/LCD_program.o (__divmodsi4)
d:/embedded/01- imt sdk-20230714t110022z-001/01- imt sdk/imt_sdk_win_64/winavr/bin/../lib/gcc/avr/4.3.3/avr5\libgcc.a(_exit.o)
                              d:/embedded/01- imt sdk-20230714t110022z-001/01- imt sdk/imt_sdk_win_64/winavr/bin/../lib/gcc/avr/4.3.3/../../../../avr/lib/avr5/crtm16.o (exit)
d:/embedded/01- imt sdk-20230714t110022z-001/01- imt sdk/imt_sdk_win_64/winavr/bin/../lib/gcc/avr/4.3.3/avr5\libgcc.a(_copy_data.o)
                              ./APP/main.o (__do_copy_data)
d:/embedded/01- imt sdk-20230714t110022z-001/01- imt sdk/imt_sdk_win_64/winavr/bin/../lib/gcc/avr/4.3.3/avr5\libgcc.a(_clear_bss.o)
                              ./MCAL/TIMERS/TIMERS_program .o (__do_clear_bss)
d:/embedded/01- imt sdk-20230714t110022z-001/01- imt sdk/imt_sdk_win_64/winavr/bin/../lib/gcc/avr/4.3.3/avr5\libgcc.a(_ashldi3.o)
                              ./HAL/LCD/LCD_program.o (__ashldi3)
d:/embedded/01- imt sdk-20230714t110022z-001/01- imt sdk/imt_sdk_win_64/winavr/bin/../lib/gcc/avr/4.3.3/avr5\libgcc.a(_fixunssfsi.o)
                              ./HAL/STEPPER/STEPPER_program .o (__fixunssfsi)
d:/embedded/01- imt sdk-20230714t110022z-001/01- imt sdk/imt_sdk_win_64/winavr/bin/../lib/gcc/avr/4.3.3/avr5\libgcc.a(_fixsfdi.o)
                              ./HAL/LCD/LCD_program.o (__fixsfdi)
d:/embedded/01- imt sdk-20230714t110022z-001/01- imt sdk/imt_sdk_win_64/winavr/bin/../lib/gcc/avr/4.3.3/avr5\libgcc.a(_fixunssfdi.o)
                              d:/embedded/01- imt sdk-20230714t110022z-001/01- imt sdk/imt_sdk_win_64/winavr/bin/../lib/gcc/avr/4.3.3/avr5\libgcc.a(_fixsfdi.o) (__fixunssfdi)
d:/embedded/01- imt sdk-20230714t110022z-001/01- imt sdk/imt_sdk_win_64/winavr/bin/../lib/gcc/avr/4.3.3/avr5\libgcc.a(_floatdisf.o)
                              ./HAL/LCD/LCD_program.o (__floatdisf)
d:/embedded/01- imt sdk-20230714t110022z-001/01- imt sdk/imt_sdk_win_64/winavr/bin/../lib/gcc/avr/4.3.3/avr5\libgcc.a(_divdi3.o)
                              ./HAL/LCD/LCD_program.o (__divdi3)
d:/embedded/01- imt sdk-20230714t110022z-001/01- imt sdk/imt_sdk_win_64/winavr/bin/../lib/gcc/avr/4.3.3/avr5\libgcc.a(_moddi3.o)
                              ./HAL/LCD/LCD_program.o (__moddi3)
d:/embedded/01- imt sdk-20230714t110022z-001/01- imt sdk/imt_sdk_win_64/winavr/bin/../lib/gcc/avr/4.3.3/avr5\libgcc.a(_addsub_sf.o)
                              d:/embedded/01- imt sdk-20230714t110022z-001/01- imt sdk/imt_sdk_win_64/winavr/bin/../lib/gcc/avr/4.3.3/avr5\libgcc.a(_fixunssfsi.o) (__subsf3)
d:/embedded/01- imt sdk-20230714t110022z-001/01- imt sdk/imt_sdk_win_64/winavr/bin/../lib/gcc/avr/4.3.3/avr5\libgcc.a(_mul_sf.o)
                              ./HAL/STEPPER/STEPPER_program .o (__mulsf3)
d:/embedded/01- imt sdk-20230714t110022z-001/01- imt sdk/imt_sdk_win_64/winavr/bin/../lib/gcc/avr/4.3.3/avr5\libgcc.a(_div_sf.o)
                              ./HAL/STEPPER/STEPPER_program .o (__divsf3)
d:/embedded/01- imt sdk-20230714t110022z-001/01- imt sdk/imt_sdk_win_64/winavr/bin/../lib/gcc/avr/4.3.3/avr5\libgcc.a(_eq_sf.o)
                              ./HAL/LCD/LCD_program.o (__eqsf2)
d:/embedded/01- imt sdk-20230714t110022z-001/01- imt sdk/imt_sdk_win_64/winavr/bin/../lib/gcc/avr/4.3.3/avr5\libgcc.a(_ne_sf.o)
                              ./HAL/LCD/LCD_program.o (__nesf2)
d:/embedded/01- imt sdk-20230714t110022z-001/01- imt sdk/imt_sdk_win_64/winavr/bin/../lib/gcc/avr/4.3.3/avr5\libgcc.a(_gt_sf.o)
                              ./HAL/STEPPER/STEPPER_program .o (__gtsf2)
d:/embedded/01- imt sdk-20230714t110022z-001/01- imt sdk/imt_sdk_win_64/winavr/bin/../lib/gcc/avr/4.3.3/avr5\libgcc.a(_ge_sf.o)
                              d:/embedded/01- imt sdk-20230714t110022z-001/01- imt sdk/imt_sdk_win_64/winavr/bin/../lib/gcc/avr/4.3.3/avr5\libgcc.a(_fixunssfsi.o) (__gesf2)
d:/embedded/01- imt sdk-20230714t110022z-001/01- imt sdk/imt_sdk_win_64/winavr/bin/../lib/gcc/avr/4.3.3/avr5\libgcc.a(_lt_sf.o)
                              ./HAL/STEPPER/STEPPER_program .o (__ltsf2)
d:/embedded/01- imt sdk-20230714t110022z-001/01- imt sdk/imt_sdk_win_64/winavr/bin/../lib/gcc/avr/4.3.3/avr5\libgcc.a(_si_to_sf.o)
                              d:/embedded/01- imt sdk-20230714t110022z-001/01- imt sdk/imt_sdk_win_64/winavr/bin/../lib/gcc/avr/4.3.3/avr5\libgcc.a(_floatdisf.o) (__floatsisf)
d:/embedded/01- imt sdk-20230714t110022z-001/01- imt sdk/imt_sdk_win_64/winavr/bin/../lib/gcc/avr/4.3.3/avr5\libgcc.a(_sf_to_si.o)
                              d:/embedded/01- imt sdk-20230714t110022z-001/01- imt sdk/imt_sdk_win_64/winavr/bin/../lib/gcc/avr/4.3.3/avr5\libgcc.a(_fixunssfsi.o) (__fixsfsi)
d:/embedded/01- imt sdk-20230714t110022z-001/01- imt sdk/imt_sdk_win_64/winavr/bin/../lib/gcc/avr/4.3.3/avr5\libgcc.a(_thenan_sf.o)
                              d:/embedded/01- imt sdk-20230714t110022z-001/01- imt sdk/imt_sdk_win_64/winavr/bin/../lib/gcc/avr/4.3.3/avr5\libgcc.a(_addsub_sf.o) (__thenan_sf)
d:/embedded/01- imt sdk-20230714t110022z-001/01- imt sdk/imt_sdk_win_64/winavr/bin/../lib/gcc/avr/4.3.3/avr5\libgcc.a(_usi_to_sf.o)
                              ./HAL/STEPPER/STEPPER_program .o (__floatunsisf)
d:/embedded/01- imt sdk-20230714t110022z-001/01- imt sdk/imt_sdk_win_64/winavr/bin/../lib/gcc/avr/4.3.3/avr5\libgcc.a(_udivmodsi4.o)
                              d:/embedded/01- imt sdk-20230714t110022z-001/01- imt sdk/imt_sdk_win_64/winavr/bin/../lib/gcc/avr/4.3.3/avr5\libgcc.a(_divmodsi4.o) (__udivmodsi4)
d:/embedded/01- imt sdk-20230714t110022z-001/01- imt sdk/imt_sdk_win_64/winavr/bin/../lib/gcc/avr/4.3.3/avr5\libgcc.a(_prologue.o)
                              d:/embedded/01- imt sdk-20230714t110022z-001/01- imt sdk/imt_sdk_win_64/winavr/bin/../lib/gcc/avr/4.3.3/avr5\libgcc.a(_fixunssfdi.o) (__prologue_saves__)
d:/embedded/01- imt sdk-20230714t110022z-001/01- imt sdk/imt_sdk_win_64/winavr/bin/../lib/gcc/avr/4.3.3/avr5\libgcc.a(_epilogue.o)
                              d:/embedded/01- imt sdk-20230714t110022z-001/01- imt sdk/imt_sdk_win_64/winavr/bin/../lib/gcc/avr/4.3.3/avr5\libgcc.a(_fixunssfdi.o) (__epilogue_restores__)
d:/embedded/01- imt sdk-20230714t110022z-001/01- imt sdk/imt_sdk_win_64/winavr/bin/../lib/gcc/avr/4.3.3/avr5\libgcc.a(_ashrdi3.o)
                              d:/embedded/01- imt sdk-20230714t110022z-001/01- imt sdk/imt_sdk_win_64/winavr/bin/../lib/gcc/avr/4.3.3/avr5\libgcc.a(_floatdisf.o) (__ashrdi3)
d:/embedded/01- imt sdk-20230714t110022z-001/01- imt sdk/imt_sdk_win_64/winavr/bin/../lib/gcc/avr/4.3.3/avr5\libgcc.a(_clz.o)
                              d:/embedded/01- imt sdk-20230714t110022z-001/01- imt sdk/imt_sdk_win_64/winavr/bin/../lib/gcc/avr/4.3.3/avr5\libgcc.a(_floatdisf.o) (__clz_tab)
d:/embedded/01- imt sdk-20230714t110022z-001/01- imt sdk/imt_sdk_win_64/winavr/bin/../lib/gcc/avr/4.3.3/avr5\libgcc.a(_clzsi2.o)
                              d:/embedded/01- imt sdk-20230714t110022z-001/01- imt sdk/imt_sdk_win_64/winavr/bin/../lib/gcc/avr/4.3.3/avr5\libgcc.a(_si_to_sf.o) (__clzsi2)
d:/embedded/01- imt sdk-20230714t110022z-001/01- imt sdk/imt_sdk_win_64/winavr/bin/../lib/gcc/avr/4.3.3/avr5\libgcc.a(_pack_sf.o)
                              d:/embedded/01- imt sdk-20230714t110022z-001/01- imt sdk/imt_sdk_win_64/winavr/bin/../lib/gcc/avr/4.3.3/avr5\libgcc.a(_addsub_sf.o) (__pack_f)
d:/embedded/01- imt sdk-20230714t110022z-001/01- imt sdk/imt_sdk_win_64/winavr/bin/../lib/gcc/avr/4.3.3/avr5\libgcc.a(_unpack_sf.o)
                              d:/embedded/01- imt sdk-20230714t110022z-001/01- imt sdk/imt_sdk_win_64/winavr/bin/../lib/gcc/avr/4.3.3/avr5\libgcc.a(_addsub_sf.o) (__unpack_f)
d:/embedded/01- imt sdk-20230714t110022z-001/01- imt sdk/imt_sdk_win_64/winavr/bin/../lib/gcc/avr/4.3.3/avr5\libgcc.a(_fpcmp_parts_sf.o)
                              d:/embedded/01- imt sdk-20230714t110022z-001/01- imt sdk/imt_sdk_win_64/winavr/bin/../lib/gcc/avr/4.3.3/avr5\libgcc.a(_eq_sf.o) (__fpcmp_parts_f)

Allocating common symbols
Common symbol       size              file

Global_u8CarsInGarage
                    0x1               ./APP/main.o

Memory Configuration

Name             Origin             Length             Attributes
text             0x00000000         0x00020000         xr
data             0x00800060         0x0000ffa0         rw !x
eeprom           0x00810000         0x00010000         rw !x
fuse             0x00820000         0x00000400         rw !x
lock             0x00830000         0x00000400         rw !x
signature        0x00840000         0x00000400         rw !x
*default*        0x00000000         0xffffffff

Linker script and memory map

LOAD d:/embedded/01- imt sdk-20230714t110022z-001/01- imt sdk/imt_sdk_win_64/winavr/bin/../lib/gcc/avr/4.3.3/../../../../avr/lib/avr5/crtm16.o
LOAD ./MCAL/TIMERS/TIMERS_program .o
LOAD ./MCAL/PORT/PORT_prgram.o
LOAD ./MCAL/GIE/GIE_program .o
LOAD ./MCAL/EXTI/EXTI_program .o
LOAD ./MCAL/DIO/DIO_program.o
LOAD ./HAL/STEPPER/STEPPER_program .o
LOAD ./HAL/LCD/LCD_program.o
LOAD ./APP/main.o
LOAD d:/embedded/01- imt sdk-20230714t110022z-001/01- imt sdk/imt_sdk_win_64/winavr/bin/../lib/gcc/avr/4.3.3/avr5\libgcc.a
LOAD d:/embedded/01- imt sdk-20230714t110022z-001/01- imt sdk/imt_sdk_win_64/winavr/bin/../lib/gcc/avr/4.3.3/../../../../avr/lib/avr5\libc.a
LOAD d:/embedded/01- imt sdk-20230714t110022z-001/01- imt sdk/imt_sdk_win_64/winavr/bin/../lib/gcc/avr/4.3.3/avr5\libgcc.a

.hash
 *(.hash)

.dynsym
 *(.dynsym)

.dynstr
 *(.dynstr)

.gnu.version
 *(.gnu.version)

.gnu.version_d
 *(.gnu.version_d)

.gnu.version_r
 *(.gnu.version_r)

.rel.init
 *(.rel.init)

.rela.init
 *(.rela.init)

.rel.text
 *(.rel.text)
 *(.rel.text.*)
 *(.rel.gnu.linkonce.t*)

.rela.text
 *(.rela.text)
 *(.rela.text.*)
 *(.rela.gnu.linkonce.t*)

.rel.fini
 *(.rel.fini)

.rela.fini
 *(.rela.fini)

.rel.rodata
 *(.rel.rodata)
 *(.rel.rodata.*)
 *(.rel.gnu.linkonce.r*)

.rela.rodata
 *(.rela.rodata)
 *(.rela.rodata.*)
 *(.rela.gnu.linkonce.r*)

.rel.data
 *(.rel.data)
 *(.rel.data.*)
 *(.rel.gnu.linkonce.d*)

.rela.data
 *(.rela.data)
 *(.rela.data.*)
 *(.rela.gnu.linkonce.d*)

.rel.ctors
 *(.rel.ctors)

.rela.ctors
 *(.rela.ctors)

.rel.dtors
 *(.rel.dtors)

.rela.dtors
 *(.rela.dtors)

.rel.got
 *(.rel.got)

.rela.got
 *(.rela.got)

.rel.bss
 *(.rel.bss)

.rela.bss
 *(.rela.bss)

.rel.plt
 *(.rel.plt)

.rela.plt
 *(.rela.plt)

.text           0x00000000     0x744a
 *(.vectors)
 .vectors       0x00000000       0x54 d:/embedded/01- imt sdk-20230714t110022z-001/01- imt sdk/imt_sdk_win_64/winavr/bin/../lib/gcc/avr/4.3.3/../../../../avr/lib/avr5/crtm16.o
                0x00000000                __vectors
                0x00000000                __vector_default
 *(.vectors)
 *(.progmem.gcc*)
 *(.progmem*)
                0x00000054                . = ALIGN (0x2)
                0x00000054                __trampolines_start = .
 *(.trampolines)
 .trampolines   0x00000054        0x0 linker stubs
 *(.trampolines*)
                0x00000054                __trampolines_end = .
 *(.jumptables)
 *(.jumptables*)
 *(.lowtext)
 *(.lowtext*)
                0x00000054                __ctors_start = .
 *(.ctors)
                0x00000054                __ctors_end = .
                0x00000054                __dtors_start = .
 *(.dtors)
                0x00000054                __dtors_end = .
 SORT(*)(.ctors)
 SORT(*)(.dtors)
 *(.init0)
 .init0         0x00000054        0x0 d:/embedded/01- imt sdk-20230714t110022z-001/01- imt sdk/imt_sdk_win_64/winavr/bin/../lib/gcc/avr/4.3.3/../../../../avr/lib/avr5/crtm16.o
                0x00000054                __init
 *(.init0)
 *(.init1)
 *(.init1)
 *(.init2)
 .init2         0x00000054        0xc d:/embedded/01- imt sdk-20230714t110022z-001/01- imt sdk/imt_sdk_win_64/winavr/bin/../lib/gcc/avr/4.3.3/../../../../avr/lib/avr5/crtm16.o
 *(.init2)
 *(.init3)
 *(.init3)
 *(.init4)
 .init4         0x00000060       0x16 d:/embedded/01- imt sdk-20230714t110022z-001/01- imt sdk/imt_sdk_win_64/winavr/bin/../lib/gcc/avr/4.3.3/avr5\libgcc.a(_copy_data.o)
                0x00000060                __do_copy_data
 .init4         0x00000076       0x10 d:/embedded/01- imt sdk-20230714t110022z-001/01- imt sdk/imt_sdk_win_64/winavr/bin/../lib/gcc/avr/4.3.3/avr5\libgcc.a(_clear_bss.o)
                0x00000076                __do_clear_bss
 *(.init4)
 *(.init5)
 *(.init5)
 *(.init6)
 *(.init6)
 *(.init7)
 *(.init7)
 *(.init8)
 *(.init8)
 *(.init9)
 .init9         0x00000086        0x8 d:/embedded/01- imt sdk-20230714t110022z-001/01- imt sdk/imt_sdk_win_64/winavr/bin/../lib/gcc/avr/4.3.3/../../../../avr/lib/avr5/crtm16.o
 *(.init9)
 *(.text)
 .text          0x0000008e        0x4 d:/embedded/01- imt sdk-20230714t110022z-001/01- imt sdk/imt_sdk_win_64/winavr/bin/../lib/gcc/avr/4.3.3/../../../../avr/lib/avr5/crtm16.o
                0x0000008e                __vector_12
                0x0000008e                __bad_interrupt
                0x0000008e                __vector_13
                0x0000008e                __vector_17
                0x0000008e                __vector_19
                0x0000008e                __vector_15
                0x0000008e                __vector_14
                0x0000008e                __vector_16
                0x0000008e                __vector_18
                0x0000008e                __vector_20
 .text          0x00000092        0x0 ./MCAL/TIMERS/TIMERS_program .o
 .text          0x00000092        0x0 ./MCAL/PORT/PORT_prgram.o
 .text          0x00000092        0x0 ./MCAL/GIE/GIE_program .o
 .text          0x00000092        0x0 ./MCAL/EXTI/EXTI_program .o
 .text          0x00000092        0x0 ./MCAL/DIO/DIO_program.o
 .text          0x00000092        0x0 ./HAL/STEPPER/STEPPER_program .o
 .text          0x00000092        0x0 ./HAL/LCD/LCD_program.o
 .text          0x00000092        0x0 ./APP/main.o
 .text          0x00000092        0x0 d:/embedded/01- imt sdk-20230714t110022z-001/01- imt sdk/imt_sdk_win_64/winavr/bin/../lib/gcc/avr/4.3.3/avr5\libgcc.a(_mulsi3.o)
 .text          0x00000092        0x0 d:/embedded/01- imt sdk-20230714t110022z-001/01- imt sdk/imt_sdk_win_64/winavr/bin/../lib/gcc/avr/4.3.3/avr5\libgcc.a(_divmodsi4.o)
 .text          0x00000092        0x0 d:/embedded/01- imt sdk-20230714t110022z-001/01- imt sdk/imt_sdk_win_64/winavr/bin/../lib/gcc/avr/4.3.3/avr5\libgcc.a(_exit.o)
 .text          0x00000092        0x0 d:/embedded/01- imt sdk-20230714t110022z-001/01- imt sdk/imt_sdk_win_64/winavr/bin/../lib/gcc/avr/4.3.3/avr5\libgcc.a(_copy_data.o)
 .text          0x00000092        0x0 d:/embedded/01- imt sdk-20230714t110022z-001/01- imt sdk/imt_sdk_win_64/winavr/bin/../lib/gcc/avr/4.3.3/avr5\libgcc.a(_clear_bss.o)
 .text          0x00000092       0xfe d:/embedded/01- imt sdk-20230714t110022z-001/01- imt sdk/imt_sdk_win_64/winavr/bin/../lib/gcc/avr/4.3.3/avr5\libgcc.a(_ashldi3.o)
                0x00000092                __ashldi3
 .text          0x00000190       0x58 d:/embedded/01- imt sdk-20230714t110022z-001/01- imt sdk/imt_sdk_win_64/winavr/bin/../lib/gcc/avr/4.3.3/avr5\libgcc.a(_fixunssfsi.o)
                0x00000190                __fixunssfsi
 .text          0x000001e8       0xe8 d:/embedded/01- imt sdk-20230714t110022z-001/01- imt sdk/imt_sdk_win_64/winavr/bin/../lib/gcc/avr/4.3.3/avr5\libgcc.a(_fixsfdi.o)
                0x000001e8                __fixsfdi
 .text          0x000002d0      0x150 d:/embedded/01- imt sdk-20230714t110022z-001/01- imt sdk/imt_sdk_win_64/winavr/bin/../lib/gcc/avr/4.3.3/avr5\libgcc.a(_fixunssfdi.o)
                0x000002d0                __fixunssfdi
 .text          0x00000420      0x1f6 d:/embedded/01- imt sdk-20230714t110022z-001/01- imt sdk/imt_sdk_win_64/winavr/bin/../lib/gcc/avr/4.3.3/avr5\libgcc.a(_floatdisf.o)
                0x00000420                __floatdisf
 .text          0x00000616     0x1050 d:/embedded/01- imt sdk-20230714t110022z-001/01- imt sdk/imt_sdk_win_64/winavr/bin/../lib/gcc/avr/4.3.3/avr5\libgcc.a(_divdi3.o)
                0x00000616                __divdi3
 .text          0x00001666     0x107a d:/embedded/01- imt sdk-20230714t110022z-001/01- imt sdk/imt_sdk_win_64/winavr/bin/../lib/gcc/avr/4.3.3/avr5\libgcc.a(_moddi3.o)
                0x00001666                __moddi3
 .text          0x000026e0      0x354 d:/embedded/01- imt sdk-20230714t110022z-001/01- imt sdk/imt_sdk_win_64/winavr/bin/../lib/gcc/avr/4.3.3/avr5\libgcc.a(_addsub_sf.o)
                0x00002978                __subsf3
                0x000029da                __addsf3
 .text          0x00002a34      0x1f4 d:/embedded/01- imt sdk-20230714t110022z-001/01- imt sdk/imt_sdk_win_64/winavr/bin/../lib/gcc/avr/4.3.3/avr5\libgcc.a(_mul_sf.o)
                0x00002a34                __mulsf3
 .text          0x00002c28      0x158 d:/embedded/01- imt sdk-20230714t110022z-001/01- imt sdk/imt_sdk_win_64/winavr/bin/../lib/gcc/avr/4.3.3/avr5\libgcc.a(_div_sf.o)
                0x00002c28                __divsf3
 .text          0x00002d80       0x60 d:/embedded/01- imt sdk-20230714t110022z-001/01- imt sdk/imt_sdk_win_64/winavr/bin/../lib/gcc/avr/4.3.3/avr5\libgcc.a(_eq_sf.o)
                0x00002d80                __eqsf2
 .text          0x00002de0       0x60 d:/embedded/01- imt sdk-20230714t110022z-001/01- imt sdk/imt_sdk_win_64/winavr/bin/../lib/gcc/avr/4.3.3/avr5\libgcc.a(_ne_sf.o)
                0x00002de0                __nesf2
 .text          0x00002e40       0x60 d:/embedded/01- imt sdk-20230714t110022z-001/01- imt sdk/imt_sdk_win_64/winavr/bin/../lib/gcc/avr/4.3.3/avr5\libgcc.a(_gt_sf.o)
                0x00002e40                __gtsf2
 .text          0x00002ea0       0x60 d:/embedded/01- imt sdk-20230714t110022z-001/01- imt sdk/imt_sdk_win_64/winavr/bin/../lib/gcc/avr/4.3.3/avr5\libgcc.a(_ge_sf.o)
                0x00002ea0                __gesf2
 .text          0x00002f00       0x60 d:/embedded/01- imt sdk-20230714t110022z-001/01- imt sdk/imt_sdk_win_64/winavr/bin/../lib/gcc/avr/4.3.3/avr5\libgcc.a(_lt_sf.o)
                0x00002f00                __ltsf2
 .text          0x00002f60       0xbc d:/embedded/01- imt sdk-20230714t110022z-001/01- imt sdk/imt_sdk_win_64/winavr/bin/../lib/gcc/avr/4.3.3/avr5\libgcc.a(_si_to_sf.o)
                0x00002f60                __floatsisf
 .text          0x0000301c       0xa8 d:/embedded/01- imt sdk-20230714t110022z-001/01- imt sdk/imt_sdk_win_64/winavr/bin/../lib/gcc/avr/4.3.3/avr5\libgcc.a(_sf_to_si.o)
                0x0000301c                __fixsfsi
 .text          0x000030c4        0x0 d:/embedded/01- imt sdk-20230714t110022z-001/01- imt sdk/imt_sdk_win_64/winavr/bin/../lib/gcc/avr/4.3.3/avr5\libgcc.a(_thenan_sf.o)
 .text          0x000030c4       0xf2 d:/embedded/01- imt sdk-20230714t110022z-001/01- imt sdk/imt_sdk_win_64/winavr/bin/../lib/gcc/avr/4.3.3/avr5\libgcc.a(_usi_to_sf.o)
                0x000030c4                __floatunsisf
 .text          0x000031b6        0x0 d:/embedded/01- imt sdk-20230714t110022z-001/01- imt sdk/imt_sdk_win_64/winavr/bin/../lib/gcc/avr/4.3.3/avr5\libgcc.a(_udivmodsi4.o)
 .text          0x000031b6        0x0 d:/embedded/01- imt sdk-20230714t110022z-001/01- imt sdk/imt_sdk_win_64/winavr/bin/../lib/gcc/avr/4.3.3/avr5\libgcc.a(_prologue.o)
 .text          0x000031b6        0x0 d:/embedded/01- imt sdk-20230714t110022z-001/01- imt sdk/imt_sdk_win_64/winavr/bin/../lib/gcc/avr/4.3.3/avr5\libgcc.a(_epilogue.o)
 .text          0x000031b6      0x10a d:/embedded/01- imt sdk-20230714t110022z-001/01- imt sdk/imt_sdk_win_64/winavr/bin/../lib/gcc/avr/4.3.3/avr5\libgcc.a(_ashrdi3.o)
                0x000031b6                __ashrdi3
 .text          0x000032c0        0x0 d:/embedded/01- imt sdk-20230714t110022z-001/01- imt sdk/imt_sdk_win_64/winavr/bin/../lib/gcc/avr/4.3.3/avr5\libgcc.a(_clz.o)
 .text          0x000032c0       0x9e d:/embedded/01- imt sdk-20230714t110022z-001/01- imt sdk/imt_sdk_win_64/winavr/bin/../lib/gcc/avr/4.3.3/avr5\libgcc.a(_clzsi2.o)
                0x000032c0                __clzsi2
 .text          0x0000335e      0x1aa d:/embedded/01- imt sdk-20230714t110022z-001/01- imt sdk/imt_sdk_win_64/winavr/bin/../lib/gcc/avr/4.3.3/avr5\libgcc.a(_pack_sf.o)
                0x0000335e                __pack_f
 .text          0x00003508       0xf0 d:/embedded/01- imt sdk-20230714t110022z-001/01- imt sdk/imt_sdk_win_64/winavr/bin/../lib/gcc/avr/4.3.3/avr5\libgcc.a(_unpack_sf.o)
                0x00003508                __unpack_f
 .text          0x000035f8       0xb2 d:/embedded/01- imt sdk-20230714t110022z-001/01- imt sdk/imt_sdk_win_64/winavr/bin/../lib/gcc/avr/4.3.3/avr5\libgcc.a(_fpcmp_parts_sf.o)
                0x000035f8                __fpcmp_parts_f
                0x000036aa                . = ALIGN (0x2)
 *(.text.*)
 .text.TIMER0_voidInit
                0x000036aa       0x78 ./MCAL/TIMERS/TIMERS_program .o
                0x000036aa                TIMER0_voidInit
 .text.TIMER0_voidSetCompareMatch
                0x00003722       0x1c ./MCAL/TIMERS/TIMERS_program .o
                0x00003722                TIMER0_voidSetCompareMatch
 .text.TIMER0_voidSetPreload
                0x0000373e       0x1c ./MCAL/TIMERS/TIMERS_program .o
                0x0000373e                TIMER0_voidSetPreload
 .text.TIMER0_u8ReadTimer
                0x0000375a       0x14 ./MCAL/TIMERS/TIMERS_program .o
                0x0000375a                TIMER0_u8ReadTimer
 .text.TIMER0_voidChangeOutCompareMatchInterruptState
                0x0000376e       0x4c ./MCAL/TIMERS/TIMERS_program .o
                0x0000376e                TIMER0_voidChangeOutCompareMatchInterruptState
 .text.TIMER0_voidChangeOverFlowInterruptState
                0x000037ba       0x4c ./MCAL/TIMERS/TIMERS_program .o
                0x000037ba                TIMER0_voidChangeOverFlowInterruptState
 .text.TIMER1_voidInit
                0x00003806      0x104 ./MCAL/TIMERS/TIMERS_program .o
                0x00003806                TIMER1_voidInit
 .text.TIMER1_u8SetCompareMatch
                0x0000390a       0x52 ./MCAL/TIMERS/TIMERS_program .o
                0x0000390a                TIMER1_u8SetCompareMatch
 .text.TIMER1_voidSetPreload
                0x0000395c       0x22 ./MCAL/TIMERS/TIMERS_program .o
                0x0000395c                TIMER1_voidSetPreload
 .text.TIMER1_u16ReadTimer
                0x0000397e       0x16 ./MCAL/TIMERS/TIMERS_program .o
                0x0000397e                TIMER1_u16ReadTimer
 .text.TIMER1_voidChangeOverFlowInterruptState
                0x00003994       0x4c ./MCAL/TIMERS/TIMERS_program .o
                0x00003994                TIMER1_voidChangeOverFlowInterruptState
 .text.TIMER1_voidChangeOutCompareMatchInterruptState
                0x000039e0       0x94 ./MCAL/TIMERS/TIMERS_program .o
                0x000039e0                TIMER1_voidChangeOutCompareMatchInterruptState
 .text.TIMER1_voidChangeICR1InterruptState
                0x00003a74       0x4c ./MCAL/TIMERS/TIMERS_program .o
                0x00003a74                TIMER1_voidChangeICR1InterruptState
 .text.TIMER2_voidInit
                0x00003ac0       0x7c ./MCAL/TIMERS/TIMERS_program .o
                0x00003ac0                TIMER2_voidInit
 .text.TIMER2_voidSetCompareMatch
                0x00003b3c       0x22 ./MCAL/TIMERS/TIMERS_program .o
                0x00003b3c                TIMER2_voidSetCompareMatch
 .text.TIMER2_voidSetPreload
                0x00003b5e       0x22 ./MCAL/TIMERS/TIMERS_program .o
                0x00003b5e                TIMER2_voidSetPreload
 .text.TIMER2_u8ReadTimer
                0x00003b80       0x16 ./MCAL/TIMERS/TIMERS_program .o
                0x00003b80                TIMER2_u8ReadTimer
 .text.TIMER2_voidChangeOutCompareMatchInterruptState
                0x00003b96       0x4c ./MCAL/TIMERS/TIMERS_program .o
                0x00003b96                TIMER2_voidChangeOutCompareMatchInterruptState
 .text.TIMER2_voidChangeOverFlowInterruptState
                0x00003be2       0x4c ./MCAL/TIMERS/TIMERS_program .o
                0x00003be2                TIMER2_voidChangeOverFlowInterruptState
 .text.TIMER_voidICUInitEnable
                0x00003c2e       0x2a ./MCAL/TIMERS/TIMERS_program .o
                0x00003c2e                TIMER_voidICUInitEnable
 .text.TIMER_voidICUSetTriggerEdge
                0x00003c58       0x4c ./MCAL/TIMERS/TIMERS_program .o
                0x00003c58                TIMER_voidICUSetTriggerEdge
 .text.TIMER_u8ChangeICUInterruptState
                0x00003ca4       0x4c ./MCAL/TIMERS/TIMERS_program .o
                0x00003ca4                TIMER_u8ChangeICUInterruptState
 .text.TIMER_u16ReadICR
                0x00003cf0       0x16 ./MCAL/TIMERS/TIMERS_program .o
                0x00003cf0                TIMER_u16ReadICR
 .text.TIMERS_u8SetCallBack
                0x00003d06       0x56 ./MCAL/TIMERS/TIMERS_program .o
                0x00003d06                TIMERS_u8SetCallBack
 .text.__vector_11
                0x00003d5c       0x66 ./MCAL/TIMERS/TIMERS_program .o
                0x00003d5c                __vector_11
 .text.__vector_10
                0x00003dc2       0x66 ./MCAL/TIMERS/TIMERS_program .o
                0x00003dc2                __vector_10
 .text.__vector_9
                0x00003e28       0x66 ./MCAL/TIMERS/TIMERS_program .o
                0x00003e28                __vector_9
 .text.__vector_8
                0x00003e8e       0x66 ./MCAL/TIMERS/TIMERS_program .o
                0x00003e8e                __vector_8
 .text.__vector_7
                0x00003ef4       0x66 ./MCAL/TIMERS/TIMERS_program .o
                0x00003ef4                __vector_7
 .text.__vector_6
                0x00003f5a       0x66 ./MCAL/TIMERS/TIMERS_program .o
                0x00003f5a                __vector_6
 .text.__vector_5
                0x00003fc0       0x66 ./MCAL/TIMERS/TIMERS_program .o
                0x00003fc0                __vector_5
 .text.__vector_4
                0x00004026       0x66 ./MCAL/TIMERS/TIMERS_program .o
                0x00004026                __vector_4
 .text.PORT_voidInit
                0x0000408c       0x4a ./MCAL/PORT/PORT_prgram.o
                0x0000408c                PORT_voidInit
 .text.GIE_voidEnable
                0x000040d6       0x1c ./MCAL/GIE/GIE_program .o
                0x000040d6                GIE_voidEnable
 .text.GIE_voidDisable
                0x000040f2       0x1c ./MCAL/GIE/GIE_program .o
                0x000040f2                GIE_voidDisable
 .text.EXTI_u8Checker
                0x0000410e       0x3a ./MCAL/EXTI/EXTI_program .o
 .text.EXTI_u8EXTIEnable
                0x00004148      0x240 ./MCAL/EXTI/EXTI_program .o
                0x00004148                EXTI_u8EXTIEnable
 .text.EXTI_u8EXTIDisable
                0x00004388       0x86 ./MCAL/EXTI/EXTI_program .o
                0x00004388                EXTI_u8EXTIDisable
 .text.EXTI_u8SetSenceControl
                0x0000440e      0x21a ./MCAL/EXTI/EXTI_program .o
                0x0000440e                EXTI_u8SetSenceControl
 .text.EXTI_u8EXTISetCallBack
                0x00004628       0x56 ./MCAL/EXTI/EXTI_program .o
                0x00004628                EXTI_u8EXTISetCallBack
 .text.__vector_1
                0x0000467e       0x66 ./MCAL/EXTI/EXTI_program .o
                0x0000467e                __vector_1
 .text.__vector_2
                0x000046e4       0x66 ./MCAL/EXTI/EXTI_program .o
                0x000046e4                __vector_2
 .text.__vector_3
                0x0000474a       0x66 ./MCAL/EXTI/EXTI_program .o
                0x0000474a                __vector_3
 .text.portChecker
                0x000047b0       0x24 ./MCAL/DIO/DIO_program.o
 .text.pinChecker
                0x000047d4       0x24 ./MCAL/DIO/DIO_program.o
 .text.directionChecker
                0x000047f8       0x24 ./MCAL/DIO/DIO_program.o
 .text.DIO_u8SetPinDirection
                0x0000481c      0x220 ./MCAL/DIO/DIO_program.o
                0x0000481c                DIO_u8SetPinDirection
 .text.DIO_u8SetPortDirection
                0x00004a3c       0x9a ./MCAL/DIO/DIO_program.o
                0x00004a3c                DIO_u8SetPortDirection
 .text.DIO_u8SetPinValue
                0x00004ad6      0x21c ./MCAL/DIO/DIO_program.o
                0x00004ad6                DIO_u8SetPinValue
 .text.DIO_u8SetPortValue
                0x00004cf2       0x9a ./MCAL/DIO/DIO_program.o
                0x00004cf2                DIO_u8SetPortValue
 .text.DIO_u8GetPinValue
                0x00004d8c      0x134 ./MCAL/DIO/DIO_program.o
                0x00004d8c                DIO_u8GetPinValue
 .text.STEPPER_voidRotateClockWise
                0x00004ec0      0x456 ./HAL/STEPPER/STEPPER_program .o
                0x00004ec0                STEPPER_voidRotateClockWise
 .text.STEPPER_voidRotateCOUNTERClockWise
                0x00005316      0x456 ./HAL/STEPPER/STEPPER_program .o
                0x00005316                STEPPER_voidRotateCOUNTERClockWise
 .text.STEPPER_u8RotateByDegrees
                0x0000576c       0xfe ./HAL/STEPPER/STEPPER_program .o
                0x0000576c                STEPPER_u8RotateByDegrees
 .text.STEPPER_u8RotateBySeconds
                0x0000586a       0xea ./HAL/STEPPER/STEPPER_program .o
                0x0000586a                STEPPER_u8RotateBySeconds
 .text.LCD_voidSendCommand
                0x00005954      0x13c ./HAL/LCD/LCD_program.o
                0x00005954                LCD_voidSendCommand
 .text.LCD_voidSendData
                0x00005a90      0x13c ./HAL/LCD/LCD_program.o
                0x00005a90                LCD_voidSendData
 .text.LCD_voidSendString
                0x00005bcc       0x52 ./HAL/LCD/LCD_program.o
                0x00005bcc                LCD_voidSendString
 .text.LCD_voidInit
                0x00005c1e      0x11c ./HAL/LCD/LCD_program.o
                0x00005c1e                LCD_voidInit
 .text.LCD_voidShiftDisplayRight
                0x00005d3a      0x126 ./HAL/LCD/LCD_program.o
                0x00005d3a                LCD_voidShiftDisplayRight
 .text.LCD_voidShiftDisplayLeft
                0x00005e60      0x126 ./HAL/LCD/LCD_program.o
                0x00005e60                LCD_voidShiftDisplayLeft
 .text.LCD_voidSetDDRAMAddress
                0x00005f86       0x4a ./HAL/LCD/LCD_program.o
                0x00005f86                LCD_voidSetDDRAMAddress
 .text.LCD_voidWriteSpecialCharacter
                0x00005fd0       0xac ./HAL/LCD/LCD_program.o
                0x00005fd0                LCD_voidWriteSpecialCharacter
 .text.LCD_voidWriteSpecialString
                0x0000607c       0x84 ./HAL/LCD/LCD_program.o
                0x0000607c                LCD_voidWriteSpecialString
 .text.LCD_voidWriteNumber
                0x00006100     0x10b6 ./HAL/LCD/LCD_program.o
                0x00006100                LCD_voidWriteNumber
 .text.main     0x000071b6       0x5a ./APP/main.o
                0x000071b6                main
 .text.INT0_voidCallBack
                0x00007210       0x88 ./APP/main.o
                0x00007210                INT0_voidCallBack
 .text.INT1_voidCallBack
                0x00007298       0x88 ./APP/main.o
                0x00007298                INT1_voidCallBack
 .text.libgcc   0x00007320       0x3e d:/embedded/01- imt sdk-20230714t110022z-001/01- imt sdk/imt_sdk_win_64/winavr/bin/../lib/gcc/avr/4.3.3/avr5\libgcc.a(_mulsi3.o)
                0x00007320                __mulsi3
 .text.libgcc   0x0000735e       0x36 d:/embedded/01- imt sdk-20230714t110022z-001/01- imt sdk/imt_sdk_win_64/winavr/bin/../lib/gcc/avr/4.3.3/avr5\libgcc.a(_divmodsi4.o)
                0x0000735e                __divmodsi4
 .text.libgcc   0x00007394        0x0 d:/embedded/01- imt sdk-20230714t110022z-001/01- imt sdk/imt_sdk_win_64/winavr/bin/../lib/gcc/avr/4.3.3/avr5\libgcc.a(_exit.o)
 .text.libgcc   0x00007394        0x0 d:/embedded/01- imt sdk-20230714t110022z-001/01- imt sdk/imt_sdk_win_64/winavr/bin/../lib/gcc/avr/4.3.3/avr5\libgcc.a(_copy_data.o)
 .text.libgcc   0x00007394        0x0 d:/embedded/01- imt sdk-20230714t110022z-001/01- imt sdk/imt_sdk_win_64/winavr/bin/../lib/gcc/avr/4.3.3/avr5\libgcc.a(_clear_bss.o)
 .text.libgcc   0x00007394       0x44 d:/embedded/01- imt sdk-20230714t110022z-001/01- imt sdk/imt_sdk_win_64/winavr/bin/../lib/gcc/avr/4.3.3/avr5\libgcc.a(_udivmodsi4.o)
                0x00007394                __udivmodsi4
 .text.libgcc   0x000073d8       0x38 d:/embedded/01- imt sdk-20230714t110022z-001/01- imt sdk/imt_sdk_win_64/winavr/bin/../lib/gcc/avr/4.3.3/avr5\libgcc.a(_prologue.o)
                0x000073d8                __prologue_saves__
 .text.libgcc   0x00007410       0x36 d:/embedded/01- imt sdk-20230714t110022z-001/01- imt sdk/imt_sdk_win_64/winavr/bin/../lib/gcc/avr/4.3.3/avr5\libgcc.a(_epilogue.o)
                0x00007410                __epilogue_restores__
                0x00007446                . = ALIGN (0x2)
 *(.fini9)
 .fini9         0x00007446        0x0 d:/embedded/01- imt sdk-20230714t110022z-001/01- imt sdk/imt_sdk_win_64/winavr/bin/../lib/gcc/avr/4.3.3/avr5\libgcc.a(_exit.o)
                0x00007446                exit
                0x00007446                _exit
 *(.fini9)
 *(.fini8)
 *(.fini8)
 *(.fini7)
 *(.fini7)
 *(.fini6)
 *(.fini6)
 *(.fini5)
 *(.fini5)
 *(.fini4)
 *(.fini4)
 *(.fini3)
 *(.fini3)
 *(.fini2)
 *(.fini2)
 *(.fini1)
 *(.fini1)
 *(.fini0)
 .fini0         0x00007446        0x4 d:/embedded/01- imt sdk-20230714t110022z-001/01- imt sdk/imt_sdk_win_64/winavr/bin/../lib/gcc/avr/4.3.3/avr5\libgcc.a(_exit.o)
 *(.fini0)
                0x0000744a                _etext = .

.data           0x00800060      0x13c load address 0x0000744a
                0x00800060                PROVIDE (__data_start, .)
 *(.data)
 .data          0x00800060        0x0 d:/embedded/01- imt sdk-20230714t110022z-001/01- imt sdk/imt_sdk_win_64/winavr/bin/../lib/gcc/avr/4.3.3/../../../../avr/lib/avr5/crtm16.o
 .data          0x00800060        0x0 ./MCAL/TIMERS/TIMERS_program .o
 .data          0x00800060        0x0 ./MCAL/PORT/PORT_prgram.o
 .data          0x00800060        0x0 ./MCAL/GIE/GIE_program .o
 .data          0x00800060        0x0 ./MCAL/EXTI/EXTI_program .o
 .data          0x00800060        0x0 ./MCAL/DIO/DIO_program.o
 .data          0x00800060        0x0 ./HAL/STEPPER/STEPPER_program .o
 .data          0x00800060        0x0 ./HAL/LCD/LCD_program.o
 .data          0x00800060       0x34 ./APP/main.o
 .data          0x00800094        0x0 d:/embedded/01- imt sdk-20230714t110022z-001/01- imt sdk/imt_sdk_win_64/winavr/bin/../lib/gcc/avr/4.3.3/avr5\libgcc.a(_mulsi3.o)
 .data          0x00800094        0x0 d:/embedded/01- imt sdk-20230714t110022z-001/01- imt sdk/imt_sdk_win_64/winavr/bin/../lib/gcc/avr/4.3.3/avr5\libgcc.a(_divmodsi4.o)
 .data          0x00800094        0x0 d:/embedded/01- imt sdk-20230714t110022z-001/01- imt sdk/imt_sdk_win_64/winavr/bin/../lib/gcc/avr/4.3.3/avr5\libgcc.a(_exit.o)
 .data          0x00800094        0x0 d:/embedded/01- imt sdk-20230714t110022z-001/01- imt sdk/imt_sdk_win_64/winavr/bin/../lib/gcc/avr/4.3.3/avr5\libgcc.a(_copy_data.o)
 .data          0x00800094        0x0 d:/embedded/01- imt sdk-20230714t110022z-001/01- imt sdk/imt_sdk_win_64/winavr/bin/../lib/gcc/avr/4.3.3/avr5\libgcc.a(_clear_bss.o)
 .data          0x00800094        0x0 d:/embedded/01- imt sdk-20230714t110022z-001/01- imt sdk/imt_sdk_win_64/winavr/bin/../lib/gcc/avr/4.3.3/avr5\libgcc.a(_ashldi3.o)
 .data          0x00800094        0x0 d:/embedded/01- imt sdk-20230714t110022z-001/01- imt sdk/imt_sdk_win_64/winavr/bin/../lib/gcc/avr/4.3.3/avr5\libgcc.a(_fixunssfsi.o)
 .data          0x00800094        0x0 d:/embedded/01- imt sdk-20230714t110022z-001/01- imt sdk/imt_sdk_win_64/winavr/bin/../lib/gcc/avr/4.3.3/avr5\libgcc.a(_fixsfdi.o)
 .data          0x00800094        0x0 d:/embedded/01- imt sdk-20230714t110022z-001/01- imt sdk/imt_sdk_win_64/winavr/bin/../lib/gcc/avr/4.3.3/avr5\libgcc.a(_fixunssfdi.o)
 .data          0x00800094        0x0 d:/embedded/01- imt sdk-20230714t110022z-001/01- imt sdk/imt_sdk_win_64/winavr/bin/../lib/gcc/avr/4.3.3/avr5\libgcc.a(_floatdisf.o)
 .data          0x00800094        0x0 d:/embedded/01- imt sdk-20230714t110022z-001/01- imt sdk/imt_sdk_win_64/winavr/bin/../lib/gcc/avr/4.3.3/avr5\libgcc.a(_divdi3.o)
 .data          0x00800094        0x0 d:/embedded/01- imt sdk-20230714t110022z-001/01- imt sdk/imt_sdk_win_64/winavr/bin/../lib/gcc/avr/4.3.3/avr5\libgcc.a(_moddi3.o)
 .data          0x00800094        0x0 d:/embedded/01- imt sdk-20230714t110022z-001/01- imt sdk/imt_sdk_win_64/winavr/bin/../lib/gcc/avr/4.3.3/avr5\libgcc.a(_addsub_sf.o)
 .data          0x00800094        0x0 d:/embedded/01- imt sdk-20230714t110022z-001/01- imt sdk/imt_sdk_win_64/winavr/bin/../lib/gcc/avr/4.3.3/avr5\libgcc.a(_mul_sf.o)
 .data          0x00800094        0x0 d:/embedded/01- imt sdk-20230714t110022z-001/01- imt sdk/imt_sdk_win_64/winavr/bin/../lib/gcc/avr/4.3.3/avr5\libgcc.a(_div_sf.o)
 .data          0x00800094        0x0 d:/embedded/01- imt sdk-20230714t110022z-001/01- imt sdk/imt_sdk_win_64/winavr/bin/../lib/gcc/avr/4.3.3/avr5\libgcc.a(_eq_sf.o)
 .data          0x00800094        0x0 d:/embedded/01- imt sdk-20230714t110022z-001/01- imt sdk/imt_sdk_win_64/winavr/bin/../lib/gcc/avr/4.3.3/avr5\libgcc.a(_ne_sf.o)
 .data          0x00800094        0x0 d:/embedded/01- imt sdk-20230714t110022z-001/01- imt sdk/imt_sdk_win_64/winavr/bin/../lib/gcc/avr/4.3.3/avr5\libgcc.a(_gt_sf.o)
 .data          0x00800094        0x0 d:/embedded/01- imt sdk-20230714t110022z-001/01- imt sdk/imt_sdk_win_64/winavr/bin/../lib/gcc/avr/4.3.3/avr5\libgcc.a(_ge_sf.o)
 .data          0x00800094        0x0 d:/embedded/01- imt sdk-20230714t110022z-001/01- imt sdk/imt_sdk_win_64/winavr/bin/../lib/gcc/avr/4.3.3/avr5\libgcc.a(_lt_sf.o)
 .data          0x00800094        0x0 d:/embedded/01- imt sdk-20230714t110022z-001/01- imt sdk/imt_sdk_win_64/winavr/bin/../lib/gcc/avr/4.3.3/avr5\libgcc.a(_si_to_sf.o)
 .data          0x00800094        0x0 d:/embedded/01- imt sdk-20230714t110022z-001/01- imt sdk/imt_sdk_win_64/winavr/bin/../lib/gcc/avr/4.3.3/avr5\libgcc.a(_sf_to_si.o)
 .data          0x00800094        0x8 d:/embedded/01- imt sdk-20230714t110022z-001/01- imt sdk/imt_sdk_win_64/winavr/bin/../lib/gcc/avr/4.3.3/avr5\libgcc.a(_thenan_sf.o)
                0x00800094                __thenan_sf
 .data          0x0080009c        0x0 d:/embedded/01- imt sdk-20230714t110022z-001/01- imt sdk/imt_sdk_win_64/winavr/bin/../lib/gcc/avr/4.3.3/avr5\libgcc.a(_usi_to_sf.o)
 .data          0x0080009c        0x0 d:/embedded/01- imt sdk-20230714t110022z-001/01- imt sdk/imt_sdk_win_64/winavr/bin/../lib/gcc/avr/4.3.3/avr5\libgcc.a(_udivmodsi4.o)
 .data          0x0080009c        0x0 d:/embedded/01- imt sdk-20230714t110022z-001/01- imt sdk/imt_sdk_win_64/winavr/bin/../lib/gcc/avr/4.3.3/avr5\libgcc.a(_prologue.o)
 .data          0x0080009c        0x0 d:/embedded/01- imt sdk-20230714t110022z-001/01- imt sdk/imt_sdk_win_64/winavr/bin/../lib/gcc/avr/4.3.3/avr5\libgcc.a(_epilogue.o)
 .data          0x0080009c        0x0 d:/embedded/01- imt sdk-20230714t110022z-001/01- imt sdk/imt_sdk_win_64/winavr/bin/../lib/gcc/avr/4.3.3/avr5\libgcc.a(_ashrdi3.o)
 .data          0x0080009c      0x100 d:/embedded/01- imt sdk-20230714t110022z-001/01- imt sdk/imt_sdk_win_64/winavr/bin/../lib/gcc/avr/4.3.3/avr5\libgcc.a(_clz.o)
                0x0080009c                __clz_tab
 .data          0x0080019c        0x0 d:/embedded/01- imt sdk-20230714t110022z-001/01- imt sdk/imt_sdk_win_64/winavr/bin/../lib/gcc/avr/4.3.3/avr5\libgcc.a(_clzsi2.o)
 .data          0x0080019c        0x0 d:/embedded/01- imt sdk-20230714t110022z-001/01- imt sdk/imt_sdk_win_64/winavr/bin/../lib/gcc/avr/4.3.3/avr5\libgcc.a(_pack_sf.o)
 .data          0x0080019c        0x0 d:/embedded/01- imt sdk-20230714t110022z-001/01- imt sdk/imt_sdk_win_64/winavr/bin/../lib/gcc/avr/4.3.3/avr5\libgcc.a(_unpack_sf.o)
 .data          0x0080019c        0x0 d:/embedded/01- imt sdk-20230714t110022z-001/01- imt sdk/imt_sdk_win_64/winavr/bin/../lib/gcc/avr/4.3.3/avr5\libgcc.a(_fpcmp_parts_sf.o)
 *(.data*)
 *(.rodata)
 *(.rodata*)
 *(.gnu.linkonce.d*)
                0x0080019c                . = ALIGN (0x2)
                0x0080019c                _edata = .
                0x0080019c                PROVIDE (__data_end, .)

.bss            0x0080019c       0x19
                0x0080019c                PROVIDE (__bss_start, .)
 *(.bss)
 .bss           0x0080019c        0x0 d:/embedded/01- imt sdk-20230714t110022z-001/01- imt sdk/imt_sdk_win_64/winavr/bin/../lib/gcc/avr/4.3.3/../../../../avr/lib/avr5/crtm16.o
 .bss           0x0080019c        0x0 ./MCAL/TIMERS/TIMERS_program .o
 .bss           0x0080019c        0x0 ./MCAL/PORT/PORT_prgram.o
 .bss           0x0080019c        0x0 ./MCAL/GIE/GIE_program .o
 .bss           0x0080019c        0x0 ./MCAL/EXTI/EXTI_program .o
 .bss           0x0080019c        0x0 ./MCAL/DIO/DIO_program.o
 .bss           0x0080019c        0x0 ./HAL/STEPPER/STEPPER_program .o
 .bss           0x0080019c        0x0 ./HAL/LCD/LCD_program.o
 .bss           0x0080019c        0x0 ./APP/main.o
 .bss           0x0080019c        0x0 d:/embedded/01- imt sdk-20230714t110022z-001/01- imt sdk/imt_sdk_win_64/winavr/bin/../lib/gcc/avr/4.3.3/avr5\libgcc.a(_mulsi3.o)
 .bss           0x0080019c        0x0 d:/embedded/01- imt sdk-20230714t110022z-001/01- imt sdk/imt_sdk_win_64/winavr/bin/../lib/gcc/avr/4.3.3/avr5\libgcc.a(_divmodsi4.o)
 .bss           0x0080019c        0x0 d:/embedded/01- imt sdk-20230714t110022z-001/01- imt sdk/imt_sdk_win_64/winavr/bin/../lib/gcc/avr/4.3.3/avr5\libgcc.a(_exit.o)
 .bss           0x0080019c        0x0 d:/embedded/01- imt sdk-20230714t110022z-001/01- imt sdk/imt_sdk_win_64/winavr/bin/../lib/gcc/avr/4.3.3/avr5\libgcc.a(_copy_data.o)
 .bss           0x0080019c        0x0 d:/embedded/01- imt sdk-20230714t110022z-001/01- imt sdk/imt_sdk_win_64/winavr/bin/../lib/gcc/avr/4.3.3/avr5\libgcc.a(_clear_bss.o)
 .bss           0x0080019c        0x0 d:/embedded/01- imt sdk-20230714t110022z-001/01- imt sdk/imt_sdk_win_64/winavr/bin/../lib/gcc/avr/4.3.3/avr5\libgcc.a(_ashldi3.o)
 .bss           0x0080019c        0x0 d:/embedded/01- imt sdk-20230714t110022z-001/01- imt sdk/imt_sdk_win_64/winavr/bin/../lib/gcc/avr/4.3.3/avr5\libgcc.a(_fixunssfsi.o)
 .bss           0x0080019c        0x0 d:/embedded/01- imt sdk-20230714t110022z-001/01- imt sdk/imt_sdk_win_64/winavr/bin/../lib/gcc/avr/4.3.3/avr5\libgcc.a(_fixsfdi.o)
 .bss           0x0080019c        0x0 d:/embedded/01- imt sdk-20230714t110022z-001/01- imt sdk/imt_sdk_win_64/winavr/bin/../lib/gcc/avr/4.3.3/avr5\libgcc.a(_fixunssfdi.o)
 .bss           0x0080019c        0x0 d:/embedded/01- imt sdk-20230714t110022z-001/01- imt sdk/imt_sdk_win_64/winavr/bin/../lib/gcc/avr/4.3.3/avr5\libgcc.a(_floatdisf.o)
 .bss           0x0080019c        0x0 d:/embedded/01- imt sdk-20230714t110022z-001/01- imt sdk/imt_sdk_win_64/winavr/bin/../lib/gcc/avr/4.3.3/avr5\libgcc.a(_divdi3.o)
 .bss           0x0080019c        0x0 d:/embedded/01- imt sdk-20230714t110022z-001/01- imt sdk/imt_sdk_win_64/winavr/bin/../lib/gcc/avr/4.3.3/avr5\libgcc.a(_moddi3.o)
 .bss           0x0080019c        0x0 d:/embedded/01- imt sdk-20230714t110022z-001/01- imt sdk/imt_sdk_win_64/winavr/bin/../lib/gcc/avr/4.3.3/avr5\libgcc.a(_addsub_sf.o)
 .bss           0x0080019c        0x0 d:/embedded/01- imt sdk-20230714t110022z-001/01- imt sdk/imt_sdk_win_64/winavr/bin/../lib/gcc/avr/4.3.3/avr5\libgcc.a(_mul_sf.o)
 .bss           0x0080019c        0x0 d:/embedded/01- imt sdk-20230714t110022z-001/01- imt sdk/imt_sdk_win_64/winavr/bin/../lib/gcc/avr/4.3.3/avr5\libgcc.a(_div_sf.o)
 .bss           0x0080019c        0x0 d:/embedded/01- imt sdk-20230714t110022z-001/01- imt sdk/imt_sdk_win_64/winavr/bin/../lib/gcc/avr/4.3.3/avr5\libgcc.a(_eq_sf.o)
 .bss           0x0080019c        0x0 d:/embedded/01- imt sdk-20230714t110022z-001/01- imt sdk/imt_sdk_win_64/winavr/bin/../lib/gcc/avr/4.3.3/avr5\libgcc.a(_ne_sf.o)
 .bss           0x0080019c        0x0 d:/embedded/01- imt sdk-20230714t110022z-001/01- imt sdk/imt_sdk_win_64/winavr/bin/../lib/gcc/avr/4.3.3/avr5\libgcc.a(_gt_sf.o)
 .bss           0x0080019c        0x0 d:/embedded/01- imt sdk-20230714t110022z-001/01- imt sdk/imt_sdk_win_64/winavr/bin/../lib/gcc/avr/4.3.3/avr5\libgcc.a(_ge_sf.o)
 .bss           0x0080019c        0x0 d:/embedded/01- imt sdk-20230714t110022z-001/01- imt sdk/imt_sdk_win_64/winavr/bin/../lib/gcc/avr/4.3.3/avr5\libgcc.a(_lt_sf.o)
 .bss           0x0080019c        0x0 d:/embedded/01- imt sdk-20230714t110022z-001/01- imt sdk/imt_sdk_win_64/winavr/bin/../lib/gcc/avr/4.3.3/avr5\libgcc.a(_si_to_sf.o)
 .bss           0x0080019c        0x0 d:/embedded/01- imt sdk-20230714t110022z-001/01- imt sdk/imt_sdk_win_64/winavr/bin/../lib/gcc/avr/4.3.3/avr5\libgcc.a(_sf_to_si.o)
 .bss           0x0080019c        0x0 d:/embedded/01- imt sdk-20230714t110022z-001/01- imt sdk/imt_sdk_win_64/winavr/bin/../lib/gcc/avr/4.3.3/avr5\libgcc.a(_thenan_sf.o)
 .bss           0x0080019c        0x0 d:/embedded/01- imt sdk-20230714t110022z-001/01- imt sdk/imt_sdk_win_64/winavr/bin/../lib/gcc/avr/4.3.3/avr5\libgcc.a(_usi_to_sf.o)
 .bss           0x0080019c        0x0 d:/embedded/01- imt sdk-20230714t110022z-001/01- imt sdk/imt_sdk_win_64/winavr/bin/../lib/gcc/avr/4.3.3/avr5\libgcc.a(_udivmodsi4.o)
 .bss           0x0080019c        0x0 d:/embedded/01- imt sdk-20230714t110022z-001/01- imt sdk/imt_sdk_win_64/winavr/bin/../lib/gcc/avr/4.3.3/avr5\libgcc.a(_prologue.o)
 .bss           0x0080019c        0x0 d:/embedded/01- imt sdk-20230714t110022z-001/01- imt sdk/imt_sdk_win_64/winavr/bin/../lib/gcc/avr/4.3.3/avr5\libgcc.a(_epilogue.o)
 .bss           0x0080019c        0x0 d:/embedded/01- imt sdk-20230714t110022z-001/01- imt sdk/imt_sdk_win_64/winavr/bin/../lib/gcc/avr/4.3.3/avr5\libgcc.a(_ashrdi3.o)
 .bss           0x0080019c        0x0 d:/embedded/01- imt sdk-20230714t110022z-001/01- imt sdk/imt_sdk_win_64/winavr/bin/../lib/gcc/avr/4.3.3/avr5\libgcc.a(_clz.o)
 .bss           0x0080019c        0x0 d:/embedded/01- imt sdk-20230714t110022z-001/01- imt sdk/imt_sdk_win_64/winavr/bin/../lib/gcc/avr/4.3.3/avr5\libgcc.a(_clzsi2.o)
 .bss           0x0080019c        0x0 d:/embedded/01- imt sdk-20230714t110022z-001/01- imt sdk/imt_sdk_win_64/winavr/bin/../lib/gcc/avr/4.3.3/avr5\libgcc.a(_pack_sf.o)
 .bss           0x0080019c        0x0 d:/embedded/01- imt sdk-20230714t110022z-001/01- imt sdk/imt_sdk_win_64/winavr/bin/../lib/gcc/avr/4.3.3/avr5\libgcc.a(_unpack_sf.o)
 .bss           0x0080019c        0x0 d:/embedded/01- imt sdk-20230714t110022z-001/01- imt sdk/imt_sdk_win_64/winavr/bin/../lib/gcc/avr/4.3.3/avr5\libgcc.a(_fpcmp_parts_sf.o)
 *(.bss*)
 .bss.TIMERS_pvCallBackFunc
                0x0080019c       0x10 ./MCAL/TIMERS/TIMERS_program .o
 .bss.EXTI_AfPtr
                0x008001ac        0x6 ./MCAL/EXTI/EXTI_program .o
 .bss.flag.1516
                0x008001b2        0x1 ./APP/main.o
 .bss.flag.1534
                0x008001b3        0x1 ./APP/main.o
 *(COMMON)
 COMMON         0x008001b4        0x1 ./APP/main.o
                0x008001b4                Global_u8CarsInGarage
                0x008001b5                PROVIDE (__bss_end, .)
                0x0000744a                __data_load_start = LOADADDR (.data)
                0x00007586                __data_load_end = (__data_load_start + SIZEOF (.data))

.noinit         0x008001b5        0x0
                0x008001b5                PROVIDE (__noinit_start, .)
 *(.noinit*)
                0x008001b5                PROVIDE (__noinit_end, .)
                0x008001b5                _end = .
                0x008001b5                PROVIDE (__heap_start, .)

.eeprom         0x00810000        0x0
 *(.eeprom*)
                0x00810000                __eeprom_end = .

.fuse
 *(.fuse)
 *(.lfuse)
 *(.hfuse)
 *(.efuse)

.lock
 *(.lock*)

.signature
 *(.signature*)

.stab           0x00000000     0x3dbc
 *(.stab)
 .stab          0x00000000      0xc84 ./MCAL/TIMERS/TIMERS_program .o
 .stab          0x00000c84      0x264 ./MCAL/PORT/PORT_prgram.o
                                0x270 (size before relaxing)
 .stab          0x00000ee8      0x240 ./MCAL/GIE/GIE_program .o
                                0x24c (size before relaxing)
 .stab          0x00001128      0x780 ./MCAL/EXTI/EXTI_program .o
                                0x78c (size before relaxing)
 .stab          0x000018a8      0x654 ./MCAL/DIO/DIO_program.o
                                0x660 (size before relaxing)
 .stab          0x00001efc      0xd50 ./HAL/STEPPER/STEPPER_program .o
                                0xd5c (size before relaxing)
 .stab          0x00002c4c      0xcb4 ./HAL/LCD/LCD_program.o
                                0xe4c (size before relaxing)
 .stab          0x00003900      0x4bc ./APP/main.o
                                0x654 (size before relaxing)

.stabstr        0x00000000     0x1ab3
 *(.stabstr)
 .stabstr       0x00000000     0x1ab3 ./MCAL/TIMERS/TIMERS_program .o

.stab.excl
 *(.stab.excl)

.stab.exclstr
 *(.stab.exclstr)

.stab.index
 *(.stab.index)

.stab.indexstr
 *(.stab.indexstr)

.comment
 *(.comment)

.debug
 *(.debug)

.line
 *(.line)

.debug_srcinfo
 *(.debug_srcinfo)

.debug_sfnames
 *(.debug_sfnames)

.debug_aranges  0x00000000      0x2e0
 *(.debug_aranges)
 .debug_aranges
                0x00000000       0x20 d:/embedded/01- imt sdk-20230714t110022z-001/01- imt sdk/imt_sdk_win_64/winavr/bin/../lib/gcc/avr/4.3.3/avr5\libgcc.a(_ashldi3.o)
 .debug_aranges
                0x00000020       0x20 d:/embedded/01- imt sdk-20230714t110022z-001/01- imt sdk/imt_sdk_win_64/winavr/bin/../lib/gcc/avr/4.3.3/avr5\libgcc.a(_fixunssfsi.o)
 .debug_aranges
                0x00000040       0x20 d:/embedded/01- imt sdk-20230714t110022z-001/01- imt sdk/imt_sdk_win_64/winavr/bin/../lib/gcc/avr/4.3.3/avr5\libgcc.a(_fixsfdi.o)
 .debug_aranges
                0x00000060       0x20 d:/embedded/01- imt sdk-20230714t110022z-001/01- imt sdk/imt_sdk_win_64/winavr/bin/../lib/gcc/avr/4.3.3/avr5\libgcc.a(_fixunssfdi.o)
 .debug_aranges
                0x00000080       0x20 d:/embedded/01- imt sdk-20230714t110022z-001/01- imt sdk/imt_sdk_win_64/winavr/bin/../lib/gcc/avr/4.3.3/avr5\libgcc.a(_floatdisf.o)
 .debug_aranges
                0x000000a0       0x20 d:/embedded/01- imt sdk-20230714t110022z-001/01- imt sdk/imt_sdk_win_64/winavr/bin/../lib/gcc/avr/4.3.3/avr5\libgcc.a(_divdi3.o)
 .debug_aranges
                0x000000c0       0x20 d:/embedded/01- imt sdk-20230714t110022z-001/01- imt sdk/imt_sdk_win_64/winavr/bin/../lib/gcc/avr/4.3.3/avr5\libgcc.a(_moddi3.o)
 .debug_aranges
                0x000000e0       0x20 d:/embedded/01- imt sdk-20230714t110022z-001/01- imt sdk/imt_sdk_win_64/winavr/bin/../lib/gcc/avr/4.3.3/avr5\libgcc.a(_addsub_sf.o)
 .debug_aranges
                0x00000100       0x20 d:/embedded/01- imt sdk-20230714t110022z-001/01- imt sdk/imt_sdk_win_64/winavr/bin/../lib/gcc/avr/4.3.3/avr5\libgcc.a(_mul_sf.o)
 .debug_aranges
                0x00000120       0x20 d:/embedded/01- imt sdk-20230714t110022z-001/01- imt sdk/imt_sdk_win_64/winavr/bin/../lib/gcc/avr/4.3.3/avr5\libgcc.a(_div_sf.o)
 .debug_aranges
                0x00000140       0x20 d:/embedded/01- imt sdk-20230714t110022z-001/01- imt sdk/imt_sdk_win_64/winavr/bin/../lib/gcc/avr/4.3.3/avr5\libgcc.a(_eq_sf.o)
 .debug_aranges
                0x00000160       0x20 d:/embedded/01- imt sdk-20230714t110022z-001/01- imt sdk/imt_sdk_win_64/winavr/bin/../lib/gcc/avr/4.3.3/avr5\libgcc.a(_ne_sf.o)
 .debug_aranges
                0x00000180       0x20 d:/embedded/01- imt sdk-20230714t110022z-001/01- imt sdk/imt_sdk_win_64/winavr/bin/../lib/gcc/avr/4.3.3/avr5\libgcc.a(_gt_sf.o)
 .debug_aranges
                0x000001a0       0x20 d:/embedded/01- imt sdk-20230714t110022z-001/01- imt sdk/imt_sdk_win_64/winavr/bin/../lib/gcc/avr/4.3.3/avr5\libgcc.a(_ge_sf.o)
 .debug_aranges
                0x000001c0       0x20 d:/embedded/01- imt sdk-20230714t110022z-001/01- imt sdk/imt_sdk_win_64/winavr/bin/../lib/gcc/avr/4.3.3/avr5\libgcc.a(_lt_sf.o)
 .debug_aranges
                0x000001e0       0x20 d:/embedded/01- imt sdk-20230714t110022z-001/01- imt sdk/imt_sdk_win_64/winavr/bin/../lib/gcc/avr/4.3.3/avr5\libgcc.a(_si_to_sf.o)
 .debug_aranges
                0x00000200       0x20 d:/embedded/01- imt sdk-20230714t110022z-001/01- imt sdk/imt_sdk_win_64/winavr/bin/../lib/gcc/avr/4.3.3/avr5\libgcc.a(_sf_to_si.o)
 .debug_aranges
                0x00000220       0x20 d:/embedded/01- imt sdk-20230714t110022z-001/01- imt sdk/imt_sdk_win_64/winavr/bin/../lib/gcc/avr/4.3.3/avr5\libgcc.a(_usi_to_sf.o)
 .debug_aranges
                0x00000240       0x20 d:/embedded/01- imt sdk-20230714t110022z-001/01- imt sdk/imt_sdk_win_64/winavr/bin/../lib/gcc/avr/4.3.3/avr5\libgcc.a(_ashrdi3.o)
 .debug_aranges
                0x00000260       0x20 d:/embedded/01- imt sdk-20230714t110022z-001/01- imt sdk/imt_sdk_win_64/winavr/bin/../lib/gcc/avr/4.3.3/avr5\libgcc.a(_clzsi2.o)
 .debug_aranges
                0x00000280       0x20 d:/embedded/01- imt sdk-20230714t110022z-001/01- imt sdk/imt_sdk_win_64/winavr/bin/../lib/gcc/avr/4.3.3/avr5\libgcc.a(_pack_sf.o)
 .debug_aranges
                0x000002a0       0x20 d:/embedded/01- imt sdk-20230714t110022z-001/01- imt sdk/imt_sdk_win_64/winavr/bin/../lib/gcc/avr/4.3.3/avr5\libgcc.a(_unpack_sf.o)
 .debug_aranges
                0x000002c0       0x20 d:/embedded/01- imt sdk-20230714t110022z-001/01- imt sdk/imt_sdk_win_64/winavr/bin/../lib/gcc/avr/4.3.3/avr5\libgcc.a(_fpcmp_parts_sf.o)

.debug_pubnames
                0x00000000      0x333
 *(.debug_pubnames)
 .debug_pubnames
                0x00000000       0x20 d:/embedded/01- imt sdk-20230714t110022z-001/01- imt sdk/imt_sdk_win_64/winavr/bin/../lib/gcc/avr/4.3.3/avr5\libgcc.a(_ashldi3.o)
 .debug_pubnames
                0x00000020       0x23 d:/embedded/01- imt sdk-20230714t110022z-001/01- imt sdk/imt_sdk_win_64/winavr/bin/../lib/gcc/avr/4.3.3/avr5\libgcc.a(_fixunssfsi.o)
 .debug_pubnames
                0x00000043       0x20 d:/embedded/01- imt sdk-20230714t110022z-001/01- imt sdk/imt_sdk_win_64/winavr/bin/../lib/gcc/avr/4.3.3/avr5\libgcc.a(_fixsfdi.o)
 .debug_pubnames
                0x00000063       0x23 d:/embedded/01- imt sdk-20230714t110022z-001/01- imt sdk/imt_sdk_win_64/winavr/bin/../lib/gcc/avr/4.3.3/avr5\libgcc.a(_fixunssfdi.o)
 .debug_pubnames
                0x00000086       0x22 d:/embedded/01- imt sdk-20230714t110022z-001/01- imt sdk/imt_sdk_win_64/winavr/bin/../lib/gcc/avr/4.3.3/avr5\libgcc.a(_floatdisf.o)
 .debug_pubnames
                0x000000a8       0x1f d:/embedded/01- imt sdk-20230714t110022z-001/01- imt sdk/imt_sdk_win_64/winavr/bin/../lib/gcc/avr/4.3.3/avr5\libgcc.a(_divdi3.o)
 .debug_pubnames
                0x000000c7       0x1f d:/embedded/01- imt sdk-20230714t110022z-001/01- imt sdk/imt_sdk_win_64/winavr/bin/../lib/gcc/avr/4.3.3/avr5\libgcc.a(_moddi3.o)
 .debug_pubnames
                0x000000e6       0x2c d:/embedded/01- imt sdk-20230714t110022z-001/01- imt sdk/imt_sdk_win_64/winavr/bin/../lib/gcc/avr/4.3.3/avr5\libgcc.a(_addsub_sf.o)
 .debug_pubnames
                0x00000112       0x1f d:/embedded/01- imt sdk-20230714t110022z-001/01- imt sdk/imt_sdk_win_64/winavr/bin/../lib/gcc/avr/4.3.3/avr5\libgcc.a(_mul_sf.o)
 .debug_pubnames
                0x00000131       0x1f d:/embedded/01- imt sdk-20230714t110022z-001/01- imt sdk/imt_sdk_win_64/winavr/bin/../lib/gcc/avr/4.3.3/avr5\libgcc.a(_div_sf.o)
 .debug_pubnames
                0x00000150       0x1e d:/embedded/01- imt sdk-20230714t110022z-001/01- imt sdk/imt_sdk_win_64/winavr/bin/../lib/gcc/avr/4.3.3/avr5\libgcc.a(_eq_sf.o)
 .debug_pubnames
                0x0000016e       0x1e d:/embedded/01- imt sdk-20230714t110022z-001/01- imt sdk/imt_sdk_win_64/winavr/bin/../lib/gcc/avr/4.3.3/avr5\libgcc.a(_ne_sf.o)
 .debug_pubnames
                0x0000018c       0x1e d:/embedded/01- imt sdk-20230714t110022z-001/01- imt sdk/imt_sdk_win_64/winavr/bin/../lib/gcc/avr/4.3.3/avr5\libgcc.a(_gt_sf.o)
 .debug_pubnames
                0x000001aa       0x1e d:/embedded/01- imt sdk-20230714t110022z-001/01- imt sdk/imt_sdk_win_64/winavr/bin/../lib/gcc/avr/4.3.3/avr5\libgcc.a(_ge_sf.o)
 .debug_pubnames
                0x000001c8       0x1e d:/embedded/01- imt sdk-20230714t110022z-001/01- imt sdk/imt_sdk_win_64/winavr/bin/../lib/gcc/avr/4.3.3/avr5\libgcc.a(_lt_sf.o)
 .debug_pubnames
                0x000001e6       0x22 d:/embedded/01- imt sdk-20230714t110022z-001/01- imt sdk/imt_sdk_win_64/winavr/bin/../lib/gcc/avr/4.3.3/avr5\libgcc.a(_si_to_sf.o)
 .debug_pubnames
                0x00000208       0x20 d:/embedded/01- imt sdk-20230714t110022z-001/01- imt sdk/imt_sdk_win_64/winavr/bin/../lib/gcc/avr/4.3.3/avr5\libgcc.a(_sf_to_si.o)
 .debug_pubnames
                0x00000228       0x22 d:/embedded/01- imt sdk-20230714t110022z-001/01- imt sdk/imt_sdk_win_64/winavr/bin/../lib/gcc/avr/4.3.3/avr5\libgcc.a(_thenan_sf.o)
 .debug_pubnames
                0x0000024a       0x24 d:/embedded/01- imt sdk-20230714t110022z-001/01- imt sdk/imt_sdk_win_64/winavr/bin/../lib/gcc/avr/4.3.3/avr5\libgcc.a(_usi_to_sf.o)
 .debug_pubnames
                0x0000026e       0x20 d:/embedded/01- imt sdk-20230714t110022z-001/01- imt sdk/imt_sdk_win_64/winavr/bin/../lib/gcc/avr/4.3.3/avr5\libgcc.a(_ashrdi3.o)
 .debug_pubnames
                0x0000028e       0x20 d:/embedded/01- imt sdk-20230714t110022z-001/01- imt sdk/imt_sdk_win_64/winavr/bin/../lib/gcc/avr/4.3.3/avr5\libgcc.a(_clz.o)
 .debug_pubnames
                0x000002ae       0x1f d:/embedded/01- imt sdk-20230714t110022z-001/01- imt sdk/imt_sdk_win_64/winavr/bin/../lib/gcc/avr/4.3.3/avr5\libgcc.a(_clzsi2.o)
 .debug_pubnames
                0x000002cd       0x1f d:/embedded/01- imt sdk-20230714t110022z-001/01- imt sdk/imt_sdk_win_64/winavr/bin/../lib/gcc/avr/4.3.3/avr5\libgcc.a(_pack_sf.o)
 .debug_pubnames
                0x000002ec       0x21 d:/embedded/01- imt sdk-20230714t110022z-001/01- imt sdk/imt_sdk_win_64/winavr/bin/../lib/gcc/avr/4.3.3/avr5\libgcc.a(_unpack_sf.o)
 .debug_pubnames
                0x0000030d       0x26 d:/embedded/01- imt sdk-20230714t110022z-001/01- imt sdk/imt_sdk_win_64/winavr/bin/../lib/gcc/avr/4.3.3/avr5\libgcc.a(_fpcmp_parts_sf.o)

.debug_info     0x00000000     0x4013
 *(.debug_info)
 .debug_info    0x00000000      0x17f d:/embedded/01- imt sdk-20230714t110022z-001/01- imt sdk/imt_sdk_win_64/winavr/bin/../lib/gcc/avr/4.3.3/avr5\libgcc.a(_ashldi3.o)
 .debug_info    0x0000017f       0xb1 d:/embedded/01- imt sdk-20230714t110022z-001/01- imt sdk/imt_sdk_win_64/winavr/bin/../lib/gcc/avr/4.3.3/avr5\libgcc.a(_fixunssfsi.o)
 .debug_info    0x00000230       0xb1 d:/embedded/01- imt sdk-20230714t110022z-001/01- imt sdk/imt_sdk_win_64/winavr/bin/../lib/gcc/avr/4.3.3/avr5\libgcc.a(_fixsfdi.o)
 .debug_info    0x000002e1      0x111 d:/embedded/01- imt sdk-20230714t110022z-001/01- imt sdk/imt_sdk_win_64/winavr/bin/../lib/gcc/avr/4.3.3/avr5\libgcc.a(_fixunssfdi.o)
 .debug_info    0x000003f2      0x16c d:/embedded/01- imt sdk-20230714t110022z-001/01- imt sdk/imt_sdk_win_64/winavr/bin/../lib/gcc/avr/4.3.3/avr5\libgcc.a(_floatdisf.o)
 .debug_info    0x0000055e      0x756 d:/embedded/01- imt sdk-20230714t110022z-001/01- imt sdk/imt_sdk_win_64/winavr/bin/../lib/gcc/avr/4.3.3/avr5\libgcc.a(_divdi3.o)
 .debug_info    0x00000cb4      0x781 d:/embedded/01- imt sdk-20230714t110022z-001/01- imt sdk/imt_sdk_win_64/winavr/bin/../lib/gcc/avr/4.3.3/avr5\libgcc.a(_moddi3.o)
 .debug_info    0x00001435      0x47a d:/embedded/01- imt sdk-20230714t110022z-001/01- imt sdk/imt_sdk_win_64/winavr/bin/../lib/gcc/avr/4.3.3/avr5\libgcc.a(_addsub_sf.o)
 .debug_info    0x000018af      0x485 d:/embedded/01- imt sdk-20230714t110022z-001/01- imt sdk/imt_sdk_win_64/winavr/bin/../lib/gcc/avr/4.3.3/avr5\libgcc.a(_mul_sf.o)
 .debug_info    0x00001d34      0x3fc d:/embedded/01- imt sdk-20230714t110022z-001/01- imt sdk/imt_sdk_win_64/winavr/bin/../lib/gcc/avr/4.3.3/avr5\libgcc.a(_div_sf.o)
 .debug_info    0x00002130      0x27f d:/embedded/01- imt sdk-20230714t110022z-001/01- imt sdk/imt_sdk_win_64/winavr/bin/../lib/gcc/avr/4.3.3/avr5\libgcc.a(_eq_sf.o)
 .debug_info    0x000023af      0x27f d:/embedded/01- imt sdk-20230714t110022z-001/01- imt sdk/imt_sdk_win_64/winavr/bin/../lib/gcc/avr/4.3.3/avr5\libgcc.a(_ne_sf.o)
 .debug_info    0x0000262e      0x27f d:/embedded/01- imt sdk-20230714t110022z-001/01- imt sdk/imt_sdk_win_64/winavr/bin/../lib/gcc/avr/4.3.3/avr5\libgcc.a(_gt_sf.o)
 .debug_info    0x000028ad      0x27f d:/embedded/01- imt sdk-20230714t110022z-001/01- imt sdk/imt_sdk_win_64/winavr/bin/../lib/gcc/avr/4.3.3/avr5\libgcc.a(_ge_sf.o)
 .debug_info    0x00002b2c      0x27f d:/embedded/01- imt sdk-20230714t110022z-001/01- imt sdk/imt_sdk_win_64/winavr/bin/../lib/gcc/avr/4.3.3/avr5\libgcc.a(_lt_sf.o)
 .debug_info    0x00002dab      0x207 d:/embedded/01- imt sdk-20230714t110022z-001/01- imt sdk/imt_sdk_win_64/winavr/bin/../lib/gcc/avr/4.3.3/avr5\libgcc.a(_si_to_sf.o)
 .debug_info    0x00002fb2      0x2b0 d:/embedded/01- imt sdk-20230714t110022z-001/01- imt sdk/imt_sdk_win_64/winavr/bin/../lib/gcc/avr/4.3.3/avr5\libgcc.a(_sf_to_si.o)
 .debug_info    0x00003262      0x12c d:/embedded/01- imt sdk-20230714t110022z-001/01- imt sdk/imt_sdk_win_64/winavr/bin/../lib/gcc/avr/4.3.3/avr5\libgcc.a(_thenan_sf.o)
 .debug_info    0x0000338e      0x206 d:/embedded/01- imt sdk-20230714t110022z-001/01- imt sdk/imt_sdk_win_64/winavr/bin/../lib/gcc/avr/4.3.3/avr5\libgcc.a(_usi_to_sf.o)
 .debug_info    0x00003594      0x17f d:/embedded/01- imt sdk-20230714t110022z-001/01- imt sdk/imt_sdk_win_64/winavr/bin/../lib/gcc/avr/4.3.3/avr5\libgcc.a(_ashrdi3.o)
 .debug_info    0x00003713       0xa9 d:/embedded/01- imt sdk-20230714t110022z-001/01- imt sdk/imt_sdk_win_64/winavr/bin/../lib/gcc/avr/4.3.3/avr5\libgcc.a(_clz.o)
 .debug_info    0x000037bc      0x117 d:/embedded/01- imt sdk-20230714t110022z-001/01- imt sdk/imt_sdk_win_64/winavr/bin/../lib/gcc/avr/4.3.3/avr5\libgcc.a(_clzsi2.o)
 .debug_info    0x000038d3      0x2df d:/embedded/01- imt sdk-20230714t110022z-001/01- imt sdk/imt_sdk_win_64/winavr/bin/../lib/gcc/avr/4.3.3/avr5\libgcc.a(_pack_sf.o)
 .debug_info    0x00003bb2      0x251 d:/embedded/01- imt sdk-20230714t110022z-001/01- imt sdk/imt_sdk_win_64/winavr/bin/../lib/gcc/avr/4.3.3/avr5\libgcc.a(_unpack_sf.o)
 .debug_info    0x00003e03      0x210 d:/embedded/01- imt sdk-20230714t110022z-001/01- imt sdk/imt_sdk_win_64/winavr/bin/../lib/gcc/avr/4.3.3/avr5\libgcc.a(_fpcmp_parts_sf.o)
 *(.gnu.linkonce.wi.*)

.debug_abbrev   0x00000000     0x1e5d
 *(.debug_abbrev)
 .debug_abbrev  0x00000000       0xee d:/embedded/01- imt sdk-20230714t110022z-001/01- imt sdk/imt_sdk_win_64/winavr/bin/../lib/gcc/avr/4.3.3/avr5\libgcc.a(_ashldi3.o)
 .debug_abbrev  0x000000ee       0x5d d:/embedded/01- imt sdk-20230714t110022z-001/01- imt sdk/imt_sdk_win_64/winavr/bin/../lib/gcc/avr/4.3.3/avr5\libgcc.a(_fixunssfsi.o)
 .debug_abbrev  0x0000014b       0x5d d:/embedded/01- imt sdk-20230714t110022z-001/01- imt sdk/imt_sdk_win_64/winavr/bin/../lib/gcc/avr/4.3.3/avr5\libgcc.a(_fixsfdi.o)
 .debug_abbrev  0x000001a8       0x9e d:/embedded/01- imt sdk-20230714t110022z-001/01- imt sdk/imt_sdk_win_64/winavr/bin/../lib/gcc/avr/4.3.3/avr5\libgcc.a(_fixunssfdi.o)
 .debug_abbrev  0x00000246       0xc6 d:/embedded/01- imt sdk-20230714t110022z-001/01- imt sdk/imt_sdk_win_64/winavr/bin/../lib/gcc/avr/4.3.3/avr5\libgcc.a(_floatdisf.o)
 .debug_abbrev  0x0000030c      0x19f d:/embedded/01- imt sdk-20230714t110022z-001/01- imt sdk/imt_sdk_win_64/winavr/bin/../lib/gcc/avr/4.3.3/avr5\libgcc.a(_divdi3.o)
 .debug_abbrev  0x000004ab      0x19f d:/embedded/01- imt sdk-20230714t110022z-001/01- imt sdk/imt_sdk_win_64/winavr/bin/../lib/gcc/avr/4.3.3/avr5\libgcc.a(_moddi3.o)
 .debug_abbrev  0x0000064a      0x1ea d:/embedded/01- imt sdk-20230714t110022z-001/01- imt sdk/imt_sdk_win_64/winavr/bin/../lib/gcc/avr/4.3.3/avr5\libgcc.a(_addsub_sf.o)
 .debug_abbrev  0x00000834      0x21b d:/embedded/01- imt sdk-20230714t110022z-001/01- imt sdk/imt_sdk_win_64/winavr/bin/../lib/gcc/avr/4.3.3/avr5\libgcc.a(_mul_sf.o)
 .debug_abbrev  0x00000a4f      0x216 d:/embedded/01- imt sdk-20230714t110022z-001/01- imt sdk/imt_sdk_win_64/winavr/bin/../lib/gcc/avr/4.3.3/avr5\libgcc.a(_div_sf.o)
 .debug_abbrev  0x00000c65      0x15a d:/embedded/01- imt sdk-20230714t110022z-001/01- imt sdk/imt_sdk_win_64/winavr/bin/../lib/gcc/avr/4.3.3/avr5\libgcc.a(_eq_sf.o)
 .debug_abbrev  0x00000dbf      0x15a d:/embedded/01- imt sdk-20230714t110022z-001/01- imt sdk/imt_sdk_win_64/winavr/bin/../lib/gcc/avr/4.3.3/avr5\libgcc.a(_ne_sf.o)
 .debug_abbrev  0x00000f19      0x15a d:/embedded/01- imt sdk-20230714t110022z-001/01- imt sdk/imt_sdk_win_64/winavr/bin/../lib/gcc/avr/4.3.3/avr5\libgcc.a(_gt_sf.o)
 .debug_abbrev  0x00001073      0x15a d:/embedded/01- imt sdk-20230714t110022z-001/01- imt sdk/imt_sdk_win_64/winavr/bin/../lib/gcc/avr/4.3.3/avr5\libgcc.a(_ge_sf.o)
 .debug_abbrev  0x000011cd      0x15a d:/embedded/01- imt sdk-20230714t110022z-001/01- imt sdk/imt_sdk_win_64/winavr/bin/../lib/gcc/avr/4.3.3/avr5\libgcc.a(_lt_sf.o)
 .debug_abbrev  0x00001327      0x148 d:/embedded/01- imt sdk-20230714t110022z-001/01- imt sdk/imt_sdk_win_64/winavr/bin/../lib/gcc/avr/4.3.3/avr5\libgcc.a(_si_to_sf.o)
 .debug_abbrev  0x0000146f      0x17f d:/embedded/01- imt sdk-20230714t110022z-001/01- imt sdk/imt_sdk_win_64/winavr/bin/../lib/gcc/avr/4.3.3/avr5\libgcc.a(_sf_to_si.o)
 .debug_abbrev  0x000015ee       0xad d:/embedded/01- imt sdk-20230714t110022z-001/01- imt sdk/imt_sdk_win_64/winavr/bin/../lib/gcc/avr/4.3.3/avr5\libgcc.a(_thenan_sf.o)
 .debug_abbrev  0x0000169b      0x157 d:/embedded/01- imt sdk-20230714t110022z-001/01- imt sdk/imt_sdk_win_64/winavr/bin/../lib/gcc/avr/4.3.3/avr5\libgcc.a(_usi_to_sf.o)
 .debug_abbrev  0x000017f2       0xee d:/embedded/01- imt sdk-20230714t110022z-001/01- imt sdk/imt_sdk_win_64/winavr/bin/../lib/gcc/avr/4.3.3/avr5\libgcc.a(_ashrdi3.o)
 .debug_abbrev  0x000018e0       0x6a d:/embedded/01- imt sdk-20230714t110022z-001/01- imt sdk/imt_sdk_win_64/winavr/bin/../lib/gcc/avr/4.3.3/avr5\libgcc.a(_clz.o)
 .debug_abbrev  0x0000194a       0xc4 d:/embedded/01- imt sdk-20230714t110022z-001/01- imt sdk/imt_sdk_win_64/winavr/bin/../lib/gcc/avr/4.3.3/avr5\libgcc.a(_clzsi2.o)
 .debug_abbrev  0x00001a0e      0x1c0 d:/embedded/01- imt sdk-20230714t110022z-001/01- imt sdk/imt_sdk_win_64/winavr/bin/../lib/gcc/avr/4.3.3/avr5\libgcc.a(_pack_sf.o)
 .debug_abbrev  0x00001bce      0x154 d:/embedded/01- imt sdk-20230714t110022z-001/01- imt sdk/imt_sdk_win_64/winavr/bin/../lib/gcc/avr/4.3.3/avr5\libgcc.a(_unpack_sf.o)
 .debug_abbrev  0x00001d22      0x13b d:/embedded/01- imt sdk-20230714t110022z-001/01- imt sdk/imt_sdk_win_64/winavr/bin/../lib/gcc/avr/4.3.3/avr5\libgcc.a(_fpcmp_parts_sf.o)

.debug_line     0x00000000     0x1d9a
 *(.debug_line)
 .debug_line    0x00000000       0xd7 d:/embedded/01- imt sdk-20230714t110022z-001/01- imt sdk/imt_sdk_win_64/winavr/bin/../lib/gcc/avr/4.3.3/avr5\libgcc.a(_ashldi3.o)
 .debug_line    0x000000d7       0xa7 d:/embedded/01- imt sdk-20230714t110022z-001/01- imt sdk/imt_sdk_win_64/winavr/bin/../lib/gcc/avr/4.3.3/avr5\libgcc.a(_fixunssfsi.o)
 .debug_line    0x0000017e       0xa7 d:/embedded/01- imt sdk-20230714t110022z-001/01- imt sdk/imt_sdk_win_64/winavr/bin/../lib/gcc/avr/4.3.3/avr5\libgcc.a(_fixsfdi.o)
 .debug_line    0x00000225       0xe7 d:/embedded/01- imt sdk-20230714t110022z-001/01- imt sdk/imt_sdk_win_64/winavr/bin/../lib/gcc/avr/4.3.3/avr5\libgcc.a(_fixunssfdi.o)
 .debug_line    0x0000030c      0x105 d:/embedded/01- imt sdk-20230714t110022z-001/01- imt sdk/imt_sdk_win_64/winavr/bin/../lib/gcc/avr/4.3.3/avr5\libgcc.a(_floatdisf.o)
 .debug_line    0x00000411      0x228 d:/embedded/01- imt sdk-20230714t110022z-001/01- imt sdk/imt_sdk_win_64/winavr/bin/../lib/gcc/avr/4.3.3/avr5\libgcc.a(_divdi3.o)
 .debug_line    0x00000639      0x280 d:/embedded/01- imt sdk-20230714t110022z-001/01- imt sdk/imt_sdk_win_64/winavr/bin/../lib/gcc/avr/4.3.3/avr5\libgcc.a(_moddi3.o)
 .debug_line    0x000008b9      0x2af d:/embedded/01- imt sdk-20230714t110022z-001/01- imt sdk/imt_sdk_win_64/winavr/bin/../lib/gcc/avr/4.3.3/avr5\libgcc.a(_addsub_sf.o)
 .debug_line    0x00000b68      0x239 d:/embedded/01- imt sdk-20230714t110022z-001/01- imt sdk/imt_sdk_win_64/winavr/bin/../lib/gcc/avr/4.3.3/avr5\libgcc.a(_mul_sf.o)
 .debug_line    0x00000da1      0x1d5 d:/embedded/01- imt sdk-20230714t110022z-001/01- imt sdk/imt_sdk_win_64/winavr/bin/../lib/gcc/avr/4.3.3/avr5\libgcc.a(_div_sf.o)
 .debug_line    0x00000f76       0xd3 d:/embedded/01- imt sdk-20230714t110022z-001/01- imt sdk/imt_sdk_win_64/winavr/bin/../lib/gcc/avr/4.3.3/avr5\libgcc.a(_eq_sf.o)
 .debug_line    0x00001049       0xd3 d:/embedded/01- imt sdk-20230714t110022z-001/01- imt sdk/imt_sdk_win_64/winavr/bin/../lib/gcc/avr/4.3.3/avr5\libgcc.a(_ne_sf.o)
 .debug_line    0x0000111c       0xd3 d:/embedded/01- imt sdk-20230714t110022z-001/01- imt sdk/imt_sdk_win_64/winavr/bin/../lib/gcc/avr/4.3.3/avr5\libgcc.a(_gt_sf.o)
 .debug_line    0x000011ef       0xd3 d:/embedded/01- imt sdk-20230714t110022z-001/01- imt sdk/imt_sdk_win_64/winavr/bin/../lib/gcc/avr/4.3.3/avr5\libgcc.a(_ge_sf.o)
 .debug_line    0x000012c2       0xd3 d:/embedded/01- imt sdk-20230714t110022z-001/01- imt sdk/imt_sdk_win_64/winavr/bin/../lib/gcc/avr/4.3.3/avr5\libgcc.a(_lt_sf.o)
 .debug_line    0x00001395      0x135 d:/embedded/01- imt sdk-20230714t110022z-001/01- imt sdk/imt_sdk_win_64/winavr/bin/../lib/gcc/avr/4.3.3/avr5\libgcc.a(_si_to_sf.o)
 .debug_line    0x000014ca      0x109 d:/embedded/01- imt sdk-20230714t110022z-001/01- imt sdk/imt_sdk_win_64/winavr/bin/../lib/gcc/avr/4.3.3/avr5\libgcc.a(_sf_to_si.o)
 .debug_line    0x000015d3       0x90 d:/embedded/01- imt sdk-20230714t110022z-001/01- imt sdk/imt_sdk_win_64/winavr/bin/../lib/gcc/avr/4.3.3/avr5\libgcc.a(_thenan_sf.o)
 .debug_line    0x00001663      0x133 d:/embedded/01- imt sdk-20230714t110022z-001/01- imt sdk/imt_sdk_win_64/winavr/bin/../lib/gcc/avr/4.3.3/avr5\libgcc.a(_usi_to_sf.o)
 .debug_line    0x00001796       0xd7 d:/embedded/01- imt sdk-20230714t110022z-001/01- imt sdk/imt_sdk_win_64/winavr/bin/../lib/gcc/avr/4.3.3/avr5\libgcc.a(_ashrdi3.o)
 .debug_line    0x0000186d       0x7c d:/embedded/01- imt sdk-20230714t110022z-001/01- imt sdk/imt_sdk_win_64/winavr/bin/../lib/gcc/avr/4.3.3/avr5\libgcc.a(_clz.o)
 .debug_line    0x000018e9       0xa5 d:/embedded/01- imt sdk-20230714t110022z-001/01- imt sdk/imt_sdk_win_64/winavr/bin/../lib/gcc/avr/4.3.3/avr5\libgcc.a(_clzsi2.o)
 .debug_line    0x0000198e      0x18a d:/embedded/01- imt sdk-20230714t110022z-001/01- imt sdk/imt_sdk_win_64/winavr/bin/../lib/gcc/avr/4.3.3/avr5\libgcc.a(_pack_sf.o)
 .debug_line    0x00001b18      0x14b d:/embedded/01- imt sdk-20230714t110022z-001/01- imt sdk/imt_sdk_win_64/winavr/bin/../lib/gcc/avr/4.3.3/avr5\libgcc.a(_unpack_sf.o)
 .debug_line    0x00001c63      0x137 d:/embedded/01- imt sdk-20230714t110022z-001/01- imt sdk/imt_sdk_win_64/winavr/bin/../lib/gcc/avr/4.3.3/avr5\libgcc.a(_fpcmp_parts_sf.o)

.debug_frame    0x00000000      0x300
 *(.debug_frame)
 .debug_frame   0x00000000       0x20 d:/embedded/01- imt sdk-20230714t110022z-001/01- imt sdk/imt_sdk_win_64/winavr/bin/../lib/gcc/avr/4.3.3/avr5\libgcc.a(_ashldi3.o)
 .debug_frame   0x00000020       0x20 d:/embedded/01- imt sdk-20230714t110022z-001/01- imt sdk/imt_sdk_win_64/winavr/bin/../lib/gcc/avr/4.3.3/avr5\libgcc.a(_fixunssfsi.o)
 .debug_frame   0x00000040       0x20 d:/embedded/01- imt sdk-20230714t110022z-001/01- imt sdk/imt_sdk_win_64/winavr/bin/../lib/gcc/avr/4.3.3/avr5\libgcc.a(_fixsfdi.o)
 .debug_frame   0x00000060       0x20 d:/embedded/01- imt sdk-20230714t110022z-001/01- imt sdk/imt_sdk_win_64/winavr/bin/../lib/gcc/avr/4.3.3/avr5\libgcc.a(_fixunssfdi.o)
 .debug_frame   0x00000080       0x20 d:/embedded/01- imt sdk-20230714t110022z-001/01- imt sdk/imt_sdk_win_64/winavr/bin/../lib/gcc/avr/4.3.3/avr5\libgcc.a(_floatdisf.o)
 .debug_frame   0x000000a0       0x20 d:/embedded/01- imt sdk-20230714t110022z-001/01- imt sdk/imt_sdk_win_64/winavr/bin/../lib/gcc/avr/4.3.3/avr5\libgcc.a(_divdi3.o)
 .debug_frame   0x000000c0       0x20 d:/embedded/01- imt sdk-20230714t110022z-001/01- imt sdk/imt_sdk_win_64/winavr/bin/../lib/gcc/avr/4.3.3/avr5\libgcc.a(_moddi3.o)
 .debug_frame   0x000000e0       0x40 d:/embedded/01- imt sdk-20230714t110022z-001/01- imt sdk/imt_sdk_win_64/winavr/bin/../lib/gcc/avr/4.3.3/avr5\libgcc.a(_addsub_sf.o)
 .debug_frame   0x00000120       0x20 d:/embedded/01- imt sdk-20230714t110022z-001/01- imt sdk/imt_sdk_win_64/winavr/bin/../lib/gcc/avr/4.3.3/avr5\libgcc.a(_mul_sf.o)
 .debug_frame   0x00000140       0x20 d:/embedded/01- imt sdk-20230714t110022z-001/01- imt sdk/imt_sdk_win_64/winavr/bin/../lib/gcc/avr/4.3.3/avr5\libgcc.a(_div_sf.o)
 .debug_frame   0x00000160       0x20 d:/embedded/01- imt sdk-20230714t110022z-001/01- imt sdk/imt_sdk_win_64/winavr/bin/../lib/gcc/avr/4.3.3/avr5\libgcc.a(_eq_sf.o)
 .debug_frame   0x00000180       0x20 d:/embedded/01- imt sdk-20230714t110022z-001/01- imt sdk/imt_sdk_win_64/winavr/bin/../lib/gcc/avr/4.3.3/avr5\libgcc.a(_ne_sf.o)
 .debug_frame   0x000001a0       0x20 d:/embedded/01- imt sdk-20230714t110022z-001/01- imt sdk/imt_sdk_win_64/winavr/bin/../lib/gcc/avr/4.3.3/avr5\libgcc.a(_gt_sf.o)
 .debug_frame   0x000001c0       0x20 d:/embedded/01- imt sdk-20230714t110022z-001/01- imt sdk/imt_sdk_win_64/winavr/bin/../lib/gcc/avr/4.3.3/avr5\libgcc.a(_ge_sf.o)
 .debug_frame   0x000001e0       0x20 d:/embedded/01- imt sdk-20230714t110022z-001/01- imt sdk/imt_sdk_win_64/winavr/bin/../lib/gcc/avr/4.3.3/avr5\libgcc.a(_lt_sf.o)
 .debug_frame   0x00000200       0x20 d:/embedded/01- imt sdk-20230714t110022z-001/01- imt sdk/imt_sdk_win_64/winavr/bin/../lib/gcc/avr/4.3.3/avr5\libgcc.a(_si_to_sf.o)
 .debug_frame   0x00000220       0x20 d:/embedded/01- imt sdk-20230714t110022z-001/01- imt sdk/imt_sdk_win_64/winavr/bin/../lib/gcc/avr/4.3.3/avr5\libgcc.a(_sf_to_si.o)
 .debug_frame   0x00000240       0x20 d:/embedded/01- imt sdk-20230714t110022z-001/01- imt sdk/imt_sdk_win_64/winavr/bin/../lib/gcc/avr/4.3.3/avr5\libgcc.a(_usi_to_sf.o)
 .debug_frame   0x00000260       0x20 d:/embedded/01- imt sdk-20230714t110022z-001/01- imt sdk/imt_sdk_win_64/winavr/bin/../lib/gcc/avr/4.3.3/avr5\libgcc.a(_ashrdi3.o)
 .debug_frame   0x00000280       0x20 d:/embedded/01- imt sdk-20230714t110022z-001/01- imt sdk/imt_sdk_win_64/winavr/bin/../lib/gcc/avr/4.3.3/avr5\libgcc.a(_clzsi2.o)
 .debug_frame   0x000002a0       0x20 d:/embedded/01- imt sdk-20230714t110022z-001/01- imt sdk/imt_sdk_win_64/winavr/bin/../lib/gcc/avr/4.3.3/avr5\libgcc.a(_pack_sf.o)
 .debug_frame   0x000002c0       0x20 d:/embedded/01- imt sdk-20230714t110022z-001/01- imt sdk/imt_sdk_win_64/winavr/bin/../lib/gcc/avr/4.3.3/avr5\libgcc.a(_unpack_sf.o)
 .debug_frame   0x000002e0       0x20 d:/embedded/01- imt sdk-20230714t110022z-001/01- imt sdk/imt_sdk_win_64/winavr/bin/../lib/gcc/avr/4.3.3/avr5\libgcc.a(_fpcmp_parts_sf.o)

.debug_str      0x00000000      0x3fc
 *(.debug_str)
 .debug_str     0x00000000       0xdf d:/embedded/01- imt sdk-20230714t110022z-001/01- imt sdk/imt_sdk_win_64/winavr/bin/../lib/gcc/avr/4.3.3/avr5\libgcc.a(_ashldi3.o)
                                0x131 (size before relaxing)
 .debug_str     0x000000df       0x14 d:/embedded/01- imt sdk-20230714t110022z-001/01- imt sdk/imt_sdk_win_64/winavr/bin/../lib/gcc/avr/4.3.3/avr5\libgcc.a(_fixunssfsi.o)
                                 0xfe (size before relaxing)
 .debug_str     0x000000f3        0xa d:/embedded/01- imt sdk-20230714t110022z-001/01- imt sdk/imt_sdk_win_64/winavr/bin/../lib/gcc/avr/4.3.3/avr5\libgcc.a(_fixsfdi.o)
                                 0xfa (size before relaxing)
 .debug_str     0x000000fd       0x2c d:/embedded/01- imt sdk-20230714t110022z-001/01- imt sdk/imt_sdk_win_64/winavr/bin/../lib/gcc/avr/4.3.3/avr5\libgcc.a(_fixunssfdi.o)
                                0x11d (size before relaxing)
 .debug_str     0x00000129       0x29 d:/embedded/01- imt sdk-20230714t110022z-001/01- imt sdk/imt_sdk_win_64/winavr/bin/../lib/gcc/avr/4.3.3/avr5\libgcc.a(_floatdisf.o)
                                0x12e (size before relaxing)
 .debug_str     0x00000152       0x5c d:/embedded/01- imt sdk-20230714t110022z-001/01- imt sdk/imt_sdk_win_64/winavr/bin/../lib/gcc/avr/4.3.3/avr5\libgcc.a(_divdi3.o)
                                0x189 (size before relaxing)
 .debug_str     0x000001ae        0x9 d:/embedded/01- imt sdk-20230714t110022z-001/01- imt sdk/imt_sdk_win_64/winavr/bin/../lib/gcc/avr/4.3.3/avr5\libgcc.a(_moddi3.o)
                                0x189 (size before relaxing)
 .debug_str     0x000001b7      0x14d d:/embedded/01- imt sdk-20230714t110022z-001/01- imt sdk/imt_sdk_win_64/winavr/bin/../lib/gcc/avr/4.3.3/avr5\libgcc.a(_addsub_sf.o)
                                0x206 (size before relaxing)
 .debug_str     0x00000304       0x27 d:/embedded/01- imt sdk-20230714t110022z-001/01- imt sdk/imt_sdk_win_64/winavr/bin/../lib/gcc/avr/4.3.3/avr5\libgcc.a(_mul_sf.o)
                                0x1bf (size before relaxing)
 .debug_str     0x0000032b       0x35 d:/embedded/01- imt sdk-20230714t110022z-001/01- imt sdk/imt_sdk_win_64/winavr/bin/../lib/gcc/avr/4.3.3/avr5\libgcc.a(_div_sf.o)
                                0x1c8 (size before relaxing)
 .debug_str     0x00000360        0x8 d:/embedded/01- imt sdk-20230714t110022z-001/01- imt sdk/imt_sdk_win_64/winavr/bin/../lib/gcc/avr/4.3.3/avr5\libgcc.a(_eq_sf.o)
                                0x195 (size before relaxing)
 .debug_str     0x00000368        0x8 d:/embedded/01- imt sdk-20230714t110022z-001/01- imt sdk/imt_sdk_win_64/winavr/bin/../lib/gcc/avr/4.3.3/avr5\libgcc.a(_ne_sf.o)
                                0x195 (size before relaxing)
 .debug_str     0x00000370        0x8 d:/embedded/01- imt sdk-20230714t110022z-001/01- imt sdk/imt_sdk_win_64/winavr/bin/../lib/gcc/avr/4.3.3/avr5\libgcc.a(_gt_sf.o)
                                0x195 (size before relaxing)
 .debug_str     0x00000378        0x8 d:/embedded/01- imt sdk-20230714t110022z-001/01- imt sdk/imt_sdk_win_64/winavr/bin/../lib/gcc/avr/4.3.3/avr5\libgcc.a(_ge_sf.o)
                                0x195 (size before relaxing)
 .debug_str     0x00000380        0x8 d:/embedded/01- imt sdk-20230714t110022z-001/01- imt sdk/imt_sdk_win_64/winavr/bin/../lib/gcc/avr/4.3.3/avr5\libgcc.a(_lt_sf.o)
                                0x195 (size before relaxing)
 .debug_str     0x00000388       0x18 d:/embedded/01- imt sdk-20230714t110022z-001/01- imt sdk/imt_sdk_win_64/winavr/bin/../lib/gcc/avr/4.3.3/avr5\libgcc.a(_si_to_sf.o)
                                0x17b (size before relaxing)
 .debug_str     0x000003a0        0xa d:/embedded/01- imt sdk-20230714t110022z-001/01- imt sdk/imt_sdk_win_64/winavr/bin/../lib/gcc/avr/4.3.3/avr5\libgcc.a(_sf_to_si.o)
                                0x19e (size before relaxing)
 .debug_str     0x00000000      0x103 d:/embedded/01- imt sdk-20230714t110022z-001/01- imt sdk/imt_sdk_win_64/winavr/bin/../lib/gcc/avr/4.3.3/avr5\libgcc.a(_thenan_sf.o)
 .debug_str     0x000003aa       0x14 d:/embedded/01- imt sdk-20230714t110022z-001/01- imt sdk/imt_sdk_win_64/winavr/bin/../lib/gcc/avr/4.3.3/avr5\libgcc.a(_usi_to_sf.o)
                                0x177 (size before relaxing)
 .debug_str     0x000003be        0xa d:/embedded/01- imt sdk-20230714t110022z-001/01- imt sdk/imt_sdk_win_64/winavr/bin/../lib/gcc/avr/4.3.3/avr5\libgcc.a(_ashrdi3.o)
                                0x131 (size before relaxing)
 .debug_str     0x00000000       0xf4 d:/embedded/01- imt sdk-20230714t110022z-001/01- imt sdk/imt_sdk_win_64/winavr/bin/../lib/gcc/avr/4.3.3/avr5\libgcc.a(_clz.o)
 .debug_str     0x000003c8        0x9 d:/embedded/01- imt sdk-20230714t110022z-001/01- imt sdk/imt_sdk_win_64/winavr/bin/../lib/gcc/avr/4.3.3/avr5\libgcc.a(_clzsi2.o)
                                0x111 (size before relaxing)
 .debug_str     0x000003d1       0x10 d:/embedded/01- imt sdk-20230714t110022z-001/01- imt sdk/imt_sdk_win_64/winavr/bin/../lib/gcc/avr/4.3.3/avr5\libgcc.a(_pack_sf.o)
                                0x19d (size before relaxing)
 .debug_str     0x000003e1        0xb d:/embedded/01- imt sdk-20230714t110022z-001/01- imt sdk/imt_sdk_win_64/winavr/bin/../lib/gcc/avr/4.3.3/avr5\libgcc.a(_unpack_sf.o)
                                0x17f (size before relaxing)
 .debug_str     0x000003ec       0x10 d:/embedded/01- imt sdk-20230714t110022z-001/01- imt sdk/imt_sdk_win_64/winavr/bin/../lib/gcc/avr/4.3.3/avr5\libgcc.a(_fpcmp_parts_sf.o)
                                0x163 (size before relaxing)

.debug_loc      0x00000000     0x2926
 *(.debug_loc)
 .debug_loc     0x00000000       0xf8 d:/embedded/01- imt sdk-20230714t110022z-001/01- imt sdk/imt_sdk_win_64/winavr/bin/../lib/gcc/avr/4.3.3/avr5\libgcc.a(_ashldi3.o)
 .debug_loc     0x000000f8       0x34 d:/embedded/01- imt sdk-20230714t110022z-001/01- imt sdk/imt_sdk_win_64/winavr/bin/../lib/gcc/avr/4.3.3/avr5\libgcc.a(_fixunssfsi.o)
 .debug_loc     0x0000012c       0x4a d:/embedded/01- imt sdk-20230714t110022z-001/01- imt sdk/imt_sdk_win_64/winavr/bin/../lib/gcc/avr/4.3.3/avr5\libgcc.a(_fixsfdi.o)
 .debug_loc     0x00000176       0x94 d:/embedded/01- imt sdk-20230714t110022z-001/01- imt sdk/imt_sdk_win_64/winavr/bin/../lib/gcc/avr/4.3.3/avr5\libgcc.a(_fixunssfdi.o)
 .debug_loc     0x0000020a      0x1d4 d:/embedded/01- imt sdk-20230714t110022z-001/01- imt sdk/imt_sdk_win_64/winavr/bin/../lib/gcc/avr/4.3.3/avr5\libgcc.a(_floatdisf.o)
 .debug_loc     0x000003de      0xe71 d:/embedded/01- imt sdk-20230714t110022z-001/01- imt sdk/imt_sdk_win_64/winavr/bin/../lib/gcc/avr/4.3.3/avr5\libgcc.a(_divdi3.o)
 .debug_loc     0x0000124f      0xb81 d:/embedded/01- imt sdk-20230714t110022z-001/01- imt sdk/imt_sdk_win_64/winavr/bin/../lib/gcc/avr/4.3.3/avr5\libgcc.a(_moddi3.o)
 .debug_loc     0x00001dd0      0x32a d:/embedded/01- imt sdk-20230714t110022z-001/01- imt sdk/imt_sdk_win_64/winavr/bin/../lib/gcc/avr/4.3.3/avr5\libgcc.a(_addsub_sf.o)
 .debug_loc     0x000020fa      0x104 d:/embedded/01- imt sdk-20230714t110022z-001/01- imt sdk/imt_sdk_win_64/winavr/bin/../lib/gcc/avr/4.3.3/avr5\libgcc.a(_mul_sf.o)
 .debug_loc     0x000021fe       0xc0 d:/embedded/01- imt sdk-20230714t110022z-001/01- imt sdk/imt_sdk_win_64/winavr/bin/../lib/gcc/avr/4.3.3/avr5\libgcc.a(_div_sf.o)
 .debug_loc     0x000022be       0x3c d:/embedded/01- imt sdk-20230714t110022z-001/01- imt sdk/imt_sdk_win_64/winavr/bin/../lib/gcc/avr/4.3.3/avr5\libgcc.a(_eq_sf.o)
 .debug_loc     0x000022fa       0x3c d:/embedded/01- imt sdk-20230714t110022z-001/01- imt sdk/imt_sdk_win_64/winavr/bin/../lib/gcc/avr/4.3.3/avr5\libgcc.a(_ne_sf.o)
 .debug_loc     0x00002336       0x3c d:/embedded/01- imt sdk-20230714t110022z-001/01- imt sdk/imt_sdk_win_64/winavr/bin/../lib/gcc/avr/4.3.3/avr5\libgcc.a(_gt_sf.o)
 .debug_loc     0x00002372       0x3c d:/embedded/01- imt sdk-20230714t110022z-001/01- imt sdk/imt_sdk_win_64/winavr/bin/../lib/gcc/avr/4.3.3/avr5\libgcc.a(_ge_sf.o)
 .debug_loc     0x000023ae       0x3c d:/embedded/01- imt sdk-20230714t110022z-001/01- imt sdk/imt_sdk_win_64/winavr/bin/../lib/gcc/avr/4.3.3/avr5\libgcc.a(_lt_sf.o)
 .debug_loc     0x000023ea       0xac d:/embedded/01- imt sdk-20230714t110022z-001/01- imt sdk/imt_sdk_win_64/winavr/bin/../lib/gcc/avr/4.3.3/avr5\libgcc.a(_si_to_sf.o)
 .debug_loc     0x00002496       0x7e d:/embedded/01- imt sdk-20230714t110022z-001/01- imt sdk/imt_sdk_win_64/winavr/bin/../lib/gcc/avr/4.3.3/avr5\libgcc.a(_sf_to_si.o)
 .debug_loc     0x00002514       0x4c d:/embedded/01- imt sdk-20230714t110022z-001/01- imt sdk/imt_sdk_win_64/winavr/bin/../lib/gcc/avr/4.3.3/avr5\libgcc.a(_usi_to_sf.o)
 .debug_loc     0x00002560       0xf8 d:/embedded/01- imt sdk-20230714t110022z-001/01- imt sdk/imt_sdk_win_64/winavr/bin/../lib/gcc/avr/4.3.3/avr5\libgcc.a(_ashrdi3.o)
 .debug_loc     0x00002658       0x94 d:/embedded/01- imt sdk-20230714t110022z-001/01- imt sdk/imt_sdk_win_64/winavr/bin/../lib/gcc/avr/4.3.3/avr5\libgcc.a(_clzsi2.o)
 .debug_loc     0x000026ec      0x13e d:/embedded/01- imt sdk-20230714t110022z-001/01- imt sdk/imt_sdk_win_64/winavr/bin/../lib/gcc/avr/4.3.3/avr5\libgcc.a(_pack_sf.o)
 .debug_loc     0x0000282a       0xac d:/embedded/01- imt sdk-20230714t110022z-001/01- imt sdk/imt_sdk_win_64/winavr/bin/../lib/gcc/avr/4.3.3/avr5\libgcc.a(_unpack_sf.o)
 .debug_loc     0x000028d6       0x50 d:/embedded/01- imt sdk-20230714t110022z-001/01- imt sdk/imt_sdk_win_64/winavr/bin/../lib/gcc/avr/4.3.3/avr5\libgcc.a(_fpcmp_parts_sf.o)

.debug_macinfo
 *(.debug_macinfo)
OUTPUT(garage_system.elf elf32-avr)
LOAD linker stubs

.debug_ranges   0x00000000       0x80
 .debug_ranges  0x00000000       0x18 d:/embedded/01- imt sdk-20230714t110022z-001/01- imt sdk/imt_sdk_win_64/winavr/bin/../lib/gcc/avr/4.3.3/avr5\libgcc.a(_divdi3.o)
 .debug_ranges  0x00000018       0x18 d:/embedded/01- imt sdk-20230714t110022z-001/01- imt sdk/imt_sdk_win_64/winavr/bin/../lib/gcc/avr/4.3.3/avr5\libgcc.a(_moddi3.o)
 .debug_ranges  0x00000030       0x50 d:/embedded/01- imt sdk-20230714t110022z-001/01- imt sdk/imt_sdk_win_64/winavr/bin/../lib/gcc/avr/4.3.3/avr5\libgcc.a(_mul_sf.o)
